Archive member included to satisfy reference by file (symbol)

d:/st/stm32cubeide_1.1.0/stm32cubeide/plugins/com.st.stm32cube.ide.mcu.externaltools.gnu-tools-for-stm32.7-2018-q2-update.win32_1.0.0.201904181610/tools/bin/../lib/gcc/arm-none-eabi/7.3.1/../../../../arm-none-eabi/lib/thumb/v7e-m/fpv4-sp/hard\libc_nano.a(lib_a-errno.o)
                              Core/Src/syscalls.o (__errno)
d:/st/stm32cubeide_1.1.0/stm32cubeide/plugins/com.st.stm32cube.ide.mcu.externaltools.gnu-tools-for-stm32.7-2018-q2-update.win32_1.0.0.201904181610/tools/bin/../lib/gcc/arm-none-eabi/7.3.1/../../../../arm-none-eabi/lib/thumb/v7e-m/fpv4-sp/hard\libc_nano.a(lib_a-exit.o)
                              d:/st/stm32cubeide_1.1.0/stm32cubeide/plugins/com.st.stm32cube.ide.mcu.externaltools.gnu-tools-for-stm32.7-2018-q2-update.win32_1.0.0.201904181610/tools/bin/../lib/gcc/arm-none-eabi/7.3.1/../../../../arm-none-eabi/lib/thumb/v7e-m/fpv4-sp/hard/crt0.o (exit)
d:/st/stm32cubeide_1.1.0/stm32cubeide/plugins/com.st.stm32cube.ide.mcu.externaltools.gnu-tools-for-stm32.7-2018-q2-update.win32_1.0.0.201904181610/tools/bin/../lib/gcc/arm-none-eabi/7.3.1/../../../../arm-none-eabi/lib/thumb/v7e-m/fpv4-sp/hard\libc_nano.a(lib_a-impure.o)
                              d:/st/stm32cubeide_1.1.0/stm32cubeide/plugins/com.st.stm32cube.ide.mcu.externaltools.gnu-tools-for-stm32.7-2018-q2-update.win32_1.0.0.201904181610/tools/bin/../lib/gcc/arm-none-eabi/7.3.1/../../../../arm-none-eabi/lib/thumb/v7e-m/fpv4-sp/hard\libc_nano.a(lib_a-exit.o) (_global_impure_ptr)
d:/st/stm32cubeide_1.1.0/stm32cubeide/plugins/com.st.stm32cube.ide.mcu.externaltools.gnu-tools-for-stm32.7-2018-q2-update.win32_1.0.0.201904181610/tools/bin/../lib/gcc/arm-none-eabi/7.3.1/../../../../arm-none-eabi/lib/thumb/v7e-m/fpv4-sp/hard\libc_nano.a(lib_a-init.o)
                              d:/st/stm32cubeide_1.1.0/stm32cubeide/plugins/com.st.stm32cube.ide.mcu.externaltools.gnu-tools-for-stm32.7-2018-q2-update.win32_1.0.0.201904181610/tools/bin/../lib/gcc/arm-none-eabi/7.3.1/../../../../arm-none-eabi/lib/thumb/v7e-m/fpv4-sp/hard/crt0.o (__libc_init_array)
d:/st/stm32cubeide_1.1.0/stm32cubeide/plugins/com.st.stm32cube.ide.mcu.externaltools.gnu-tools-for-stm32.7-2018-q2-update.win32_1.0.0.201904181610/tools/bin/../lib/gcc/arm-none-eabi/7.3.1/../../../../arm-none-eabi/lib/thumb/v7e-m/fpv4-sp/hard\libc_nano.a(lib_a-memset.o)
                              d:/st/stm32cubeide_1.1.0/stm32cubeide/plugins/com.st.stm32cube.ide.mcu.externaltools.gnu-tools-for-stm32.7-2018-q2-update.win32_1.0.0.201904181610/tools/bin/../lib/gcc/arm-none-eabi/7.3.1/../../../../arm-none-eabi/lib/thumb/v7e-m/fpv4-sp/hard/crt0.o (memset)
d:/st/stm32cubeide_1.1.0/stm32cubeide/plugins/com.st.stm32cube.ide.mcu.externaltools.gnu-tools-for-stm32.7-2018-q2-update.win32_1.0.0.201904181610/tools/bin/../lib/gcc/arm-none-eabi/7.3.1/thumb/v7e-m/fpv4-sp/hard\libgcc.a(_arm_addsubdf3.o)
                              Core/Src/main.o (__aeabi_dadd)
d:/st/stm32cubeide_1.1.0/stm32cubeide/plugins/com.st.stm32cube.ide.mcu.externaltools.gnu-tools-for-stm32.7-2018-q2-update.win32_1.0.0.201904181610/tools/bin/../lib/gcc/arm-none-eabi/7.3.1/thumb/v7e-m/fpv4-sp/hard\libgcc.a(_arm_muldivdf3.o)
                              Core/Src/main.o (__aeabi_dmul)
d:/st/stm32cubeide_1.1.0/stm32cubeide/plugins/com.st.stm32cube.ide.mcu.externaltools.gnu-tools-for-stm32.7-2018-q2-update.win32_1.0.0.201904181610/tools/bin/../lib/gcc/arm-none-eabi/7.3.1/thumb/v7e-m/fpv4-sp/hard\libgcc.a(_arm_cmpdf2.o)
                              Core/Src/main.o (__aeabi_dcmplt)
d:/st/stm32cubeide_1.1.0/stm32cubeide/plugins/com.st.stm32cube.ide.mcu.externaltools.gnu-tools-for-stm32.7-2018-q2-update.win32_1.0.0.201904181610/tools/bin/../lib/gcc/arm-none-eabi/7.3.1/thumb/v7e-m/fpv4-sp/hard\libgcc.a(_aeabi_uldivmod.o)
                              Drivers/STM32F4xx_HAL_Driver/Src/stm32f4xx_hal_rcc.o (__aeabi_uldivmod)
d:/st/stm32cubeide_1.1.0/stm32cubeide/plugins/com.st.stm32cube.ide.mcu.externaltools.gnu-tools-for-stm32.7-2018-q2-update.win32_1.0.0.201904181610/tools/bin/../lib/gcc/arm-none-eabi/7.3.1/thumb/v7e-m/fpv4-sp/hard\libgcc.a(_udivmoddi4.o)
                              d:/st/stm32cubeide_1.1.0/stm32cubeide/plugins/com.st.stm32cube.ide.mcu.externaltools.gnu-tools-for-stm32.7-2018-q2-update.win32_1.0.0.201904181610/tools/bin/../lib/gcc/arm-none-eabi/7.3.1/thumb/v7e-m/fpv4-sp/hard\libgcc.a(_aeabi_uldivmod.o) (__udivmoddi4)
d:/st/stm32cubeide_1.1.0/stm32cubeide/plugins/com.st.stm32cube.ide.mcu.externaltools.gnu-tools-for-stm32.7-2018-q2-update.win32_1.0.0.201904181610/tools/bin/../lib/gcc/arm-none-eabi/7.3.1/thumb/v7e-m/fpv4-sp/hard\libgcc.a(_dvmd_tls.o)
                              d:/st/stm32cubeide_1.1.0/stm32cubeide/plugins/com.st.stm32cube.ide.mcu.externaltools.gnu-tools-for-stm32.7-2018-q2-update.win32_1.0.0.201904181610/tools/bin/../lib/gcc/arm-none-eabi/7.3.1/thumb/v7e-m/fpv4-sp/hard\libgcc.a(_aeabi_uldivmod.o) (__aeabi_ldiv0)

Allocating common symbols
[...]
Memory Configuration

Name             Origin             Length             Attributes
CCMRAM           0x0000000010000000 0x0000000000010000 xrw
RAM              0x0000000020000000 0x0000000000020000 xrw
FLASH            0x0000000008000000 0x0000000000080000 xr
*default*        0x0000000000000000 0xffffffffffffffff

Linker script and memory map

LOAD d:/st/stm32cubeide_1.1.0/stm32cubeide/plugins/com.st.stm32cube.ide.mcu.externaltools.gnu-tools-for-stm32.7-2018-q2-update.win32_1.0.0.201904181610/tools/bin/../lib/gcc/arm-none-eabi/7.3.1/thumb/v7e-m/fpv4-sp/hard/crti.o
LOAD d:/st/stm32cubeide_1.1.0/stm32cubeide/plugins/com.st.stm32cube.ide.mcu.externaltools.gnu-tools-for-stm32.7-2018-q2-update.win32_1.0.0.201904181610/tools/bin/../lib/gcc/arm-none-eabi/7.3.1/thumb/v7e-m/fpv4-sp/hard/crtbegin.o
LOAD d:/st/stm32cubeide_1.1.0/stm32cubeide/plugins/com.st.stm32cube.ide.mcu.externaltools.gnu-tools-for-stm32.7-2018-q2-update.win32_1.0.0.201904181610/tools/bin/../lib/gcc/arm-none-eabi/7.3.1/../../../../arm-none-eabi/lib/thumb/v7e-m/fpv4-sp/hard/crt0.o
LOAD Core/Src/main.o
LOAD Core/Src/stm32f4xx_hal_msp.o
LOAD Core/Src/stm32f4xx_it.o
LOAD Core/Src/syscalls.o
LOAD Core/Src/sysmem.o
LOAD Core/Src/system_stm32f4xx.o
LOAD Core/Startup/startup_stm32f407vetx.o
LOAD Drivers/STM32F4xx_HAL_Driver/Src/stm32f4xx_hal.o
LOAD Drivers/STM32F4xx_HAL_Driver/Src/stm32f4xx_hal_cortex.o
LOAD Drivers/STM32F4xx_HAL_Driver/Src/stm32f4xx_hal_dma.o
LOAD Drivers/STM32F4xx_HAL_Driver/Src/stm32f4xx_hal_dma_ex.o
LOAD Drivers/STM32F4xx_HAL_Driver/Src/stm32f4xx_hal_exti.o
LOAD Drivers/STM32F4xx_HAL_Driver/Src/stm32f4xx_hal_flash.o
LOAD Drivers/STM32F4xx_HAL_Driver/Src/stm32f4xx_hal_flash_ex.o
LOAD Drivers/STM32F4xx_HAL_Driver/Src/stm32f4xx_hal_flash_ramfunc.o
LOAD Drivers/STM32F4xx_HAL_Driver/Src/stm32f4xx_hal_gpio.o
LOAD Drivers/STM32F4xx_HAL_Driver/Src/stm32f4xx_hal_pwr.o
LOAD Drivers/STM32F4xx_HAL_Driver/Src/stm32f4xx_hal_pwr_ex.o
LOAD Drivers/STM32F4xx_HAL_Driver/Src/stm32f4xx_hal_rcc.o
LOAD Drivers/STM32F4xx_HAL_Driver/Src/stm32f4xx_hal_rcc_ex.o
LOAD Drivers/STM32F4xx_HAL_Driver/Src/stm32f4xx_hal_tim.o
LOAD Drivers/STM32F4xx_HAL_Driver/Src/stm32f4xx_hal_tim_ex.o
LOAD Drivers/STM32F4xx_HAL_Driver/Src/stm32f4xx_hal_uart.o
START GROUP
LOAD d:/st/stm32cubeide_1.1.0/stm32cubeide/plugins/com.st.stm32cube.ide.mcu.externaltools.gnu-tools-for-stm32.7-2018-q2-update.win32_1.0.0.201904181610/tools/bin/../lib/gcc/arm-none-eabi/7.3.1/../../../../arm-none-eabi/lib/thumb/v7e-m/fpv4-sp/hard\libc_nano.a
LOAD d:/st/stm32cubeide_1.1.0/stm32cubeide/plugins/com.st.stm32cube.ide.mcu.externaltools.gnu-tools-for-stm32.7-2018-q2-update.win32_1.0.0.201904181610/tools/bin/../lib/gcc/arm-none-eabi/7.3.1/../../../../arm-none-eabi/lib/thumb/v7e-m/fpv4-sp/hard\libm.a
END GROUP
START GROUP
LOAD d:/st/stm32cubeide_1.1.0/stm32cubeide/plugins/com.st.stm32cube.ide.mcu.externaltools.gnu-tools-for-stm32.7-2018-q2-update.win32_1.0.0.201904181610/tools/bin/../lib/gcc/arm-none-eabi/7.3.1/thumb/v7e-m/fpv4-sp/hard\libgcc.a
LOAD d:/st/stm32cubeide_1.1.0/stm32cubeide/plugins/com.st.stm32cube.ide.mcu.externaltools.gnu-tools-for-stm32.7-2018-q2-update.win32_1.0.0.201904181610/tools/bin/../lib/gcc/arm-none-eabi/7.3.1/../../../../arm-none-eabi/lib/thumb/v7e-m/fpv4-sp/hard\libc_nano.a
END GROUP
START GROUP
LOAD d:/st/stm32cubeide_1.1.0/stm32cubeide/plugins/com.st.stm32cube.ide.mcu.externaltools.gnu-tools-for-stm32.7-2018-q2-update.win32_1.0.0.201904181610/tools/bin/../lib/gcc/arm-none-eabi/7.3.1/thumb/v7e-m/fpv4-sp/hard\libgcc.a
LOAD d:/st/stm32cubeide_1.1.0/stm32cubeide/plugins/com.st.stm32cube.ide.mcu.externaltools.gnu-tools-for-stm32.7-2018-q2-update.win32_1.0.0.201904181610/tools/bin/../lib/gcc/arm-none-eabi/7.3.1/../../../../arm-none-eabi/lib/thumb/v7e-m/fpv4-sp/hard\libc_nano.a
LOAD d:/st/stm32cubeide_1.1.0/stm32cubeide/plugins/com.st.stm32cube.ide.mcu.externaltools.gnu-tools-for-stm32.7-2018-q2-update.win32_1.0.0.201904181610/tools/bin/../lib/gcc/arm-none-eabi/7.3.1/../../../../arm-none-eabi/lib/thumb/v7e-m/fpv4-sp/hard\libnosys.a
END GROUP
START GROUP
LOAD d:/st/stm32cubeide_1.1.0/stm32cubeide/plugins/com.st.stm32cube.ide.mcu.externaltools.gnu-tools-for-stm32.7-2018-q2-update.win32_1.0.0.201904181610/tools/bin/../lib/gcc/arm-none-eabi/7.3.1/thumb/v7e-m/fpv4-sp/hard\libgcc.a
LOAD d:/st/stm32cubeide_1.1.0/stm32cubeide/plugins/com.st.stm32cube.ide.mcu.externaltools.gnu-tools-for-stm32.7-2018-q2-update.win32_1.0.0.201904181610/tools/bin/../lib/gcc/arm-none-eabi/7.3.1/../../../../arm-none-eabi/lib/thumb/v7e-m/fpv4-sp/hard\libc_nano.a
LOAD d:/st/stm32cubeide_1.1.0/stm32cubeide/plugins/com.st.stm32cube.ide.mcu.externaltools.gnu-tools-for-stm32.7-2018-q2-update.win32_1.0.0.201904181610/tools/bin/../lib/gcc/arm-none-eabi/7.3.1/../../../../arm-none-eabi/lib/thumb/v7e-m/fpv4-sp/hard\libnosys.a
END GROUP
LOAD d:/st/stm32cubeide_1.1.0/stm32cubeide/plugins/com.st.stm32cube.ide.mcu.externaltools.gnu-tools-for-stm32.7-2018-q2-update.win32_1.0.0.201904181610/tools/bin/../lib/gcc/arm-none-eabi/7.3.1/thumb/v7e-m/fpv4-sp/hard/crtend.o
LOAD d:/st/stm32cubeide_1.1.0/stm32cubeide/plugins/com.st.stm32cube.ide.mcu.externaltools.gnu-tools-for-stm32.7-2018-q2-update.win32_1.0.0.201904181610/tools/bin/../lib/gcc/arm-none-eabi/7.3.1/thumb/v7e-m/fpv4-sp/hard/crtn.o
                0x0000000020020000                _estack = (ORIGIN (RAM) + LENGTH (RAM))
                0x0000000000000200                _Min_Heap_Size = 0x200
                0x0000000000000400                _Min_Stack_Size = 0x400

.isr_vector     0x0000000008000000      0x188
                0x0000000008000000                . = ALIGN (0x4)
 *(.isr_vector)
 .isr_vector    0x0000000008000000      0x188 Core/Startup/startup_stm32f407vetx.o
                0x0000000008000000                g_pfnVectors
                0x0000000008000188                . = ALIGN (0x4)

.text           0x0000000008000188     0x4dec
                0x0000000008000188                . = ALIGN (0x4)
 *(.text)
 .text          0x0000000008000188       0x40 d:/st/stm32cubeide_1.1.0/stm32cubeide/plugins/com.st.stm32cube.ide.mcu.externaltools.gnu-tools-for-stm32.7-2018-q2-update.win32_1.0.0.201904181610/tools/bin/../lib/gcc/arm-none-eabi/7.3.1/thumb/v7e-m/fpv4-sp/hard/crtbegin.o
 .text          0x00000000080001c8      0x378 d:/st/stm32cubeide_1.1.0/stm32cubeide/plugins/com.st.stm32cube.ide.mcu.externaltools.gnu-tools-for-stm32.7-2018-q2-update.win32_1.0.0.201904181610/tools/bin/../lib/gcc/arm-none-eabi/7.3.1/thumb/v7e-m/fpv4-sp/hard\libgcc.a(_arm_addsubdf3.o)
                0x00000000080001c8                __aeabi_drsub
                0x00000000080001d0                __aeabi_dsub
                0x00000000080001d0                __subdf3
                0x00000000080001d4                __aeabi_dadd
                0x00000000080001d4                __adddf3
                0x000000000800044c                __floatunsidf
                0x000000000800044c                __aeabi_ui2d
                0x000000000800046c                __floatsidf
                0x000000000800046c                __aeabi_i2d
                0x0000000008000490                __aeabi_f2d
                0x0000000008000490                __extendsfdf2
                0x00000000080004d4                __floatundidf
                0x00000000080004d4                __aeabi_ul2d
                0x00000000080004e4                __floatdidf
                0x00000000080004e4                __aeabi_l2d
 .text          0x0000000008000540       0x30 d:/st/stm32cubeide_1.1.0/stm32cubeide/plugins/com.st.stm32cube.ide.mcu.externaltools.gnu-tools-for-stm32.7-2018-q2-update.win32_1.0.0.201904181610/tools/bin/../lib/gcc/arm-none-eabi/7.3.1/thumb/v7e-m/fpv4-sp/hard\libgcc.a(_aeabi_uldivmod.o)
                0x0000000008000540                __aeabi_uldivmod
 .text          0x0000000008000570      0x2cc d:/st/stm32cubeide_1.1.0/stm32cubeide/plugins/com.st.stm32cube.ide.mcu.externaltools.gnu-tools-for-stm32.7-2018-q2-update.win32_1.0.0.201904181610/tools/bin/../lib/gcc/arm-none-eabi/7.3.1/thumb/v7e-m/fpv4-sp/hard\libgcc.a(_udivmoddi4.o)
                0x0000000008000570                __udivmoddi4
 .text          0x000000000800083c        0x4 d:/st/stm32cubeide_1.1.0/stm32cubeide/plugins/com.st.stm32cube.ide.mcu.externaltools.gnu-tools-for-stm32.7-2018-q2-update.win32_1.0.0.201904181610/tools/bin/../lib/gcc/arm-none-eabi/7.3.1/thumb/v7e-m/fpv4-sp/hard\libgcc.a(_dvmd_tls.o)
                0x000000000800083c                __aeabi_idiv0
                0x000000000800083c                __aeabi_ldiv0
 *(.text*)
 .text.HAL_UART_TxCpltCallback
                0x0000000008000840       0x30 Core/Src/main.o
                0x0000000008000840                HAL_UART_TxCpltCallback
 .text.peripheralUART_Init
                0x0000000008000870       0x2c Core/Src/main.o
                0x0000000008000870                peripheralUART_Init
 .text.PS2DMA_ProcessingData
                0x000000000800089c      0x110 Core/Src/main.o
                0x000000000800089c                PS2DMA_ProcessingData
 .text.compassReset
                0x00000000080009ac       0x2c Core/Src/main.o
                0x00000000080009ac                compassReset
 .text.compassRequest
                0x00000000080009d8       0x20 Core/Src/main.o
                0x00000000080009d8                compassRequest
 .text.compassDecode
                0x00000000080009f8       0x2c Core/Src/main.o
                0x00000000080009f8                compassDecode
 .text.wait4CompassTx
                0x0000000008000a24       0x30 Core/Src/main.o
                0x0000000008000a24                wait4CompassTx
 .text.peripheralPWM_Init
                0x0000000008000a54       0x30 Core/Src/main.o
                0x0000000008000a54                peripheralPWM_Init
 .text.controlMotor1
                0x0000000008000a84       0x8c Core/Src/main.o
                0x0000000008000a84                controlMotor1
 .text.controlMotor2
                0x0000000008000b10       0x8c Core/Src/main.o
                0x0000000008000b10                controlMotor2
 .text.controlMotor3
                0x0000000008000b9c       0x8c Core/Src/main.o
                0x0000000008000b9c                controlMotor3
 .text.controlMotor4
                0x0000000008000c28       0x8c Core/Src/main.o
                0x0000000008000c28                controlMotor4
 .text.testPWM  0x0000000008000cb4      0x100 Core/Src/main.o
                0x0000000008000cb4                testPWM
 .text.handControl_Init
                0x0000000008000db4       0x24 Core/Src/main.o
                0x0000000008000db4                handControl_Init
 .text.HAL_TIM_PeriodElapsedCallback
                0x0000000008000dd8      0x144 Core/Src/main.o
                0x0000000008000dd8                HAL_TIM_PeriodElapsedCallback
 .text.main     0x0000000008000f1c       0x3e Core/Src/main.o
                0x0000000008000f1c                main
 *fill*         0x0000000008000f5a        0x2 
 .text.SystemClock_Config
                0x0000000008000f5c       0xd4 Core/Src/main.o
                0x0000000008000f5c                SystemClock_Config
 .text.MX_TIM1_Init
                0x0000000008001030      0x158 Core/Src/main.o
 .text.MX_TIM5_Init
                0x0000000008001188       0x9c Core/Src/main.o
 .text.MX_TIM8_Init
                0x0000000008001224      0x158 Core/Src/main.o
 .text.MX_UART4_Init
                0x000000000800137c       0x54 Core/Src/main.o
 .text.MX_USART1_UART_Init
                0x00000000080013d0       0x54 Core/Src/main.o
 .text.MX_DMA_Init
                0x0000000008001424       0x6c Core/Src/main.o
 .text.MX_GPIO_Init
                0x0000000008001490      0x108 Core/Src/main.o
 .text.Error_Handler
                0x0000000008001598        0xe Core/Src/main.o
                0x0000000008001598                Error_Handler
 *fill*         0x00000000080015a6        0x2 
 .text.HAL_MspInit
                0x00000000080015a8       0x50 Core/Src/stm32f4xx_hal_msp.o
                0x00000000080015a8                HAL_MspInit
 .text.HAL_TIM_Base_MspInit
                0x00000000080015f8       0xa8 Core/Src/stm32f4xx_hal_msp.o
                0x00000000080015f8                HAL_TIM_Base_MspInit
 .text.HAL_TIM_MspPostInit
                0x00000000080016a0       0xc4 Core/Src/stm32f4xx_hal_msp.o
                0x00000000080016a0                HAL_TIM_MspPostInit
 .text.HAL_UART_MspInit
                0x0000000008001764      0x1d8 Core/Src/stm32f4xx_hal_msp.o
                0x0000000008001764                HAL_UART_MspInit
 .text.NMI_Handler
                0x000000000800193c        0xe Core/Src/stm32f4xx_it.o
                0x000000000800193c                NMI_Handler
 .text.HardFault_Handler
                0x000000000800194a        0x6 Core/Src/stm32f4xx_it.o
                0x000000000800194a                HardFault_Handler
 .text.MemManage_Handler
                0x0000000008001950        0x6 Core/Src/stm32f4xx_it.o
                0x0000000008001950                MemManage_Handler
 .text.BusFault_Handler
                0x0000000008001956        0x6 Core/Src/stm32f4xx_it.o
                0x0000000008001956                BusFault_Handler
 .text.UsageFault_Handler
                0x000000000800195c        0x6 Core/Src/stm32f4xx_it.o
                0x000000000800195c                UsageFault_Handler
 .text.SVC_Handler
                0x0000000008001962        0xe Core/Src/stm32f4xx_it.o
                0x0000000008001962                SVC_Handler
 .text.DebugMon_Handler
                0x0000000008001970        0xe Core/Src/stm32f4xx_it.o
                0x0000000008001970                DebugMon_Handler
 .text.PendSV_Handler
                0x000000000800197e        0xe Core/Src/stm32f4xx_it.o
                0x000000000800197e                PendSV_Handler
 .text.SysTick_Handler
                0x000000000800198c       0x30 Core/Src/stm32f4xx_it.o
                0x000000000800198c                SysTick_Handler
 .text.DMA1_Stream2_IRQHandler
                0x00000000080019bc       0x18 Core/Src/stm32f4xx_it.o
                0x00000000080019bc                DMA1_Stream2_IRQHandler
 .text.TIM5_IRQHandler
                0x00000000080019d4       0x14 Core/Src/stm32f4xx_it.o
                0x00000000080019d4                TIM5_IRQHandler
 .text.UART4_IRQHandler
                0x00000000080019e8       0x14 Core/Src/stm32f4xx_it.o
                0x00000000080019e8                UART4_IRQHandler
 .text.DMA2_Stream2_IRQHandler
                0x00000000080019fc       0x18 Core/Src/stm32f4xx_it.o
                0x00000000080019fc                DMA2_Stream2_IRQHandler
 .text.SystemInit
                0x0000000008001a14       0x2c Core/Src/system_stm32f4xx.o
                0x0000000008001a14                SystemInit
 .text.Reset_Handler
                0x0000000008001a40       0x50 Core/Startup/startup_stm32f407vetx.o
                0x0000000008001a40                Reset_Handler
 .text.Default_Handler
                0x0000000008001a90        0x2 Core/Startup/startup_stm32f407vetx.o
                0x0000000008001a90                RTC_Alarm_IRQHandler
                0x0000000008001a90                HASH_RNG_IRQHandler
                0x0000000008001a90                EXTI2_IRQHandler
                0x0000000008001a90                TIM8_CC_IRQHandler
                0x0000000008001a90                TIM1_CC_IRQHandler
                0x0000000008001a90                DMA2_Stream5_IRQHandler
                0x0000000008001a90                DMA1_Stream5_IRQHandler
                0x0000000008001a90                PVD_IRQHandler
                0x0000000008001a90                SDIO_IRQHandler
                0x0000000008001a90                TAMP_STAMP_IRQHandler
                0x0000000008001a90                CAN2_RX1_IRQHandler
                0x0000000008001a90                EXTI3_IRQHandler
                0x0000000008001a90                TIM8_TRG_COM_TIM14_IRQHandler
                0x0000000008001a90                TIM1_UP_TIM10_IRQHandler
                0x0000000008001a90                TIM8_UP_TIM13_IRQHandler
                0x0000000008001a90                I2C3_ER_IRQHandler
                0x0000000008001a90                EXTI0_IRQHandler
                0x0000000008001a90                I2C2_EV_IRQHandler
                0x0000000008001a90                CAN1_RX0_IRQHandler
                0x0000000008001a90                FPU_IRQHandler
                0x0000000008001a90                OTG_HS_WKUP_IRQHandler
                0x0000000008001a90                CAN2_SCE_IRQHandler
                0x0000000008001a90                SPI1_IRQHandler
                0x0000000008001a90                TIM6_DAC_IRQHandler
                0x0000000008001a90                TIM1_BRK_TIM9_IRQHandler
                0x0000000008001a90                DCMI_IRQHandler
                0x0000000008001a90                CAN2_RX0_IRQHandler
                0x0000000008001a90                DMA2_Stream3_IRQHandler
                0x0000000008001a90                USART6_IRQHandler
                0x0000000008001a90                USART3_IRQHandler
                0x0000000008001a90                CAN1_RX1_IRQHandler
                0x0000000008001a90                UART5_IRQHandler
                0x0000000008001a90                DMA2_Stream0_IRQHandler
                0x0000000008001a90                TIM4_IRQHandler
                0x0000000008001a90                I2C1_EV_IRQHandler
                0x0000000008001a90                DMA1_Stream6_IRQHandler
                0x0000000008001a90                DMA1_Stream1_IRQHandler
                0x0000000008001a90                TIM3_IRQHandler
                0x0000000008001a90                RCC_IRQHandler
                0x0000000008001a90                TIM8_BRK_TIM12_IRQHandler
                0x0000000008001a90                Default_Handler
                0x0000000008001a90                EXTI15_10_IRQHandler
                0x0000000008001a90                ADC_IRQHandler
                0x0000000008001a90                DMA1_Stream7_IRQHandler
                0x0000000008001a90                TIM7_IRQHandler
                0x0000000008001a90                CAN2_TX_IRQHandler
                0x0000000008001a90                DMA2_Stream7_IRQHandler
                0x0000000008001a90                I2C3_EV_IRQHandler
                0x0000000008001a90                EXTI9_5_IRQHandler
                0x0000000008001a90                RTC_WKUP_IRQHandler
                0x0000000008001a90                ETH_WKUP_IRQHandler
                0x0000000008001a90                SPI2_IRQHandler
                0x0000000008001a90                OTG_HS_EP1_IN_IRQHandler
                0x0000000008001a90                DMA1_Stream0_IRQHandler
                0x0000000008001a90                CAN1_TX_IRQHandler
                0x0000000008001a90                EXTI4_IRQHandler
                0x0000000008001a90                FSMC_IRQHandler
                0x0000000008001a90                ETH_IRQHandler
                0x0000000008001a90                OTG_HS_EP1_OUT_IRQHandler
                0x0000000008001a90                WWDG_IRQHandler
                0x0000000008001a90                TIM2_IRQHandler
                0x0000000008001a90                OTG_FS_WKUP_IRQHandler
                0x0000000008001a90                TIM1_TRG_COM_TIM11_IRQHandler
                0x0000000008001a90                OTG_HS_IRQHandler
                0x0000000008001a90                EXTI1_IRQHandler
                0x0000000008001a90                USART2_IRQHandler
                0x0000000008001a90                I2C2_ER_IRQHandler
                0x0000000008001a90                DMA2_Stream1_IRQHandler
                0x0000000008001a90                CAN1_SCE_IRQHandler
                0x0000000008001a90                FLASH_IRQHandler
                0x0000000008001a90                DMA2_Stream4_IRQHandler
                0x0000000008001a90                USART1_IRQHandler
                0x0000000008001a90                OTG_FS_IRQHandler
                0x0000000008001a90                SPI3_IRQHandler
                0x0000000008001a90                DMA1_Stream4_IRQHandler
                0x0000000008001a90                I2C1_ER_IRQHandler
                0x0000000008001a90                DMA2_Stream6_IRQHandler
                0x0000000008001a90                DMA1_Stream3_IRQHandler
 *fill*         0x0000000008001a92        0x2 
 .text.HAL_Init
                0x0000000008001a94       0x44 Drivers/STM32F4xx_HAL_Driver/Src/stm32f4xx_hal.o
                0x0000000008001a94                HAL_Init
 .text.HAL_InitTick
                0x0000000008001ad8       0x60 Drivers/STM32F4xx_HAL_Driver/Src/stm32f4xx_hal.o
                0x0000000008001ad8                HAL_InitTick
 .text.HAL_IncTick
                0x0000000008001b38       0x28 Drivers/STM32F4xx_HAL_Driver/Src/stm32f4xx_hal.o
                0x0000000008001b38                HAL_IncTick
 .text.HAL_GetTick
                0x0000000008001b60       0x18 Drivers/STM32F4xx_HAL_Driver/Src/stm32f4xx_hal.o
                0x0000000008001b60                HAL_GetTick
 .text.HAL_Delay
                0x0000000008001b78       0x44 Drivers/STM32F4xx_HAL_Driver/Src/stm32f4xx_hal.o
                0x0000000008001b78                HAL_Delay
 .text.__NVIC_SetPriorityGrouping
                0x0000000008001bbc       0x48 Drivers/STM32F4xx_HAL_Driver/Src/stm32f4xx_hal_cortex.o
 .text.__NVIC_GetPriorityGrouping
                0x0000000008001c04       0x1c Drivers/STM32F4xx_HAL_Driver/Src/stm32f4xx_hal_cortex.o
 .text.__NVIC_EnableIRQ
                0x0000000008001c20       0x3c Drivers/STM32F4xx_HAL_Driver/Src/stm32f4xx_hal_cortex.o
 .text.__NVIC_SetPriority
                0x0000000008001c5c       0x54 Drivers/STM32F4xx_HAL_Driver/Src/stm32f4xx_hal_cortex.o
 .text.NVIC_EncodePriority
                0x0000000008001cb0       0x66 Drivers/STM32F4xx_HAL_Driver/Src/stm32f4xx_hal_cortex.o
 *fill*         0x0000000008001d16        0x2 
 .text.SysTick_Config
                0x0000000008001d18       0x44 Drivers/STM32F4xx_HAL_Driver/Src/stm32f4xx_hal_cortex.o
 .text.HAL_NVIC_SetPriorityGrouping
                0x0000000008001d5c       0x16 Drivers/STM32F4xx_HAL_Driver/Src/stm32f4xx_hal_cortex.o
                0x0000000008001d5c                HAL_NVIC_SetPriorityGrouping
 .text.HAL_NVIC_SetPriority
                0x0000000008001d72       0x38 Drivers/STM32F4xx_HAL_Driver/Src/stm32f4xx_hal_cortex.o
                0x0000000008001d72                HAL_NVIC_SetPriority
 .text.HAL_NVIC_EnableIRQ
                0x0000000008001daa       0x1c Drivers/STM32F4xx_HAL_Driver/Src/stm32f4xx_hal_cortex.o
                0x0000000008001daa                HAL_NVIC_EnableIRQ
 .text.HAL_SYSTICK_Config
                0x0000000008001dc6       0x18 Drivers/STM32F4xx_HAL_Driver/Src/stm32f4xx_hal_cortex.o
                0x0000000008001dc6                HAL_SYSTICK_Config
 *fill*         0x0000000008001dde        0x2 
 .text.HAL_DMA_Init
                0x0000000008001de0      0x15c Drivers/STM32F4xx_HAL_Driver/Src/stm32f4xx_hal_dma.o
                0x0000000008001de0                HAL_DMA_Init
 .text.HAL_DMA_Start_IT
                0x0000000008001f3c       0xb0 Drivers/STM32F4xx_HAL_Driver/Src/stm32f4xx_hal_dma.o
                0x0000000008001f3c                HAL_DMA_Start_IT
 .text.HAL_DMA_Abort_IT
                0x0000000008001fec       0x44 Drivers/STM32F4xx_HAL_Driver/Src/stm32f4xx_hal_dma.o
                0x0000000008001fec                HAL_DMA_Abort_IT
 .text.HAL_DMA_IRQHandler
                0x0000000008002030      0x314 Drivers/STM32F4xx_HAL_Driver/Src/stm32f4xx_hal_dma.o
                0x0000000008002030                HAL_DMA_IRQHandler
 .text.DMA_SetConfig
                0x0000000008002344       0x5c Drivers/STM32F4xx_HAL_Driver/Src/stm32f4xx_hal_dma.o
 .text.DMA_CalcBaseAndBitshift
                0x00000000080023a0       0x6c Drivers/STM32F4xx_HAL_Driver/Src/stm32f4xx_hal_dma.o
 .text.DMA_CheckFifoParam
                0x000000000800240c       0xf4 Drivers/STM32F4xx_HAL_Driver/Src/stm32f4xx_hal_dma.o
 .text.HAL_GPIO_Init
                0x0000000008002500      0x334 Drivers/STM32F4xx_HAL_Driver/Src/stm32f4xx_hal_gpio.o
                0x0000000008002500                HAL_GPIO_Init
 .text.HAL_GPIO_WritePin
                0x0000000008002834       0x32 Drivers/STM32F4xx_HAL_Driver/Src/stm32f4xx_hal_gpio.o
                0x0000000008002834                HAL_GPIO_WritePin
 .text.HAL_GPIO_TogglePin
                0x0000000008002866       0x36 Drivers/STM32F4xx_HAL_Driver/Src/stm32f4xx_hal_gpio.o
                0x0000000008002866                HAL_GPIO_TogglePin
 .text.HAL_RCC_OscConfig
                0x000000000800289c      0x4e0 Drivers/STM32F4xx_HAL_Driver/Src/stm32f4xx_hal_rcc.o
                0x000000000800289c                HAL_RCC_OscConfig
 .text.HAL_RCC_ClockConfig
                0x0000000008002d7c      0x1cc Drivers/STM32F4xx_HAL_Driver/Src/stm32f4xx_hal_rcc.o
                0x0000000008002d7c                HAL_RCC_ClockConfig
 .text.HAL_RCC_GetSysClockFreq
                0x0000000008002f48      0x1b0 Drivers/STM32F4xx_HAL_Driver/Src/stm32f4xx_hal_rcc.o
                0x0000000008002f48                HAL_RCC_GetSysClockFreq
 .text.HAL_RCC_GetHCLKFreq
                0x00000000080030f8       0x18 Drivers/STM32F4xx_HAL_Driver/Src/stm32f4xx_hal_rcc.o
                0x00000000080030f8                HAL_RCC_GetHCLKFreq
 .text.HAL_RCC_GetPCLK1Freq
                0x0000000008003110       0x28 Drivers/STM32F4xx_HAL_Driver/Src/stm32f4xx_hal_rcc.o
                0x0000000008003110                HAL_RCC_GetPCLK1Freq
 .text.HAL_RCC_GetPCLK2Freq
                0x0000000008003138       0x28 Drivers/STM32F4xx_HAL_Driver/Src/stm32f4xx_hal_rcc.o
                0x0000000008003138                HAL_RCC_GetPCLK2Freq
 .text.HAL_TIM_Base_Init
                0x0000000008003160       0x56 Drivers/STM32F4xx_HAL_Driver/Src/stm32f4xx_hal_tim.o
                0x0000000008003160                HAL_TIM_Base_Init
 .text.HAL_TIM_Base_Start_IT
                0x00000000080031b6       0x48 Drivers/STM32F4xx_HAL_Driver/Src/stm32f4xx_hal_tim.o
                0x00000000080031b6                HAL_TIM_Base_Start_IT
 .text.HAL_TIM_PWM_Init
                0x00000000080031fe       0x56 Drivers/STM32F4xx_HAL_Driver/Src/stm32f4xx_hal_tim.o
                0x00000000080031fe                HAL_TIM_PWM_Init
 .text.HAL_TIM_PWM_MspInit
                0x0000000008003254       0x14 Drivers/STM32F4xx_HAL_Driver/Src/stm32f4xx_hal_tim.o
                0x0000000008003254                HAL_TIM_PWM_MspInit
 .text.HAL_TIM_PWM_Start
                0x0000000008003268       0x7c Drivers/STM32F4xx_HAL_Driver/Src/stm32f4xx_hal_tim.o
                0x0000000008003268                HAL_TIM_PWM_Start
 .text.HAL_TIM_IRQHandler
                0x00000000080032e4      0x210 Drivers/STM32F4xx_HAL_Driver/Src/stm32f4xx_hal_tim.o
                0x00000000080032e4                HAL_TIM_IRQHandler
 .text.HAL_TIM_PWM_ConfigChannel
                0x00000000080034f4      0x18c Drivers/STM32F4xx_HAL_Driver/Src/stm32f4xx_hal_tim.o
                0x00000000080034f4                HAL_TIM_PWM_ConfigChannel
 .text.HAL_TIM_ConfigClockSource
                0x0000000008003680      0x16e Drivers/STM32F4xx_HAL_Driver/Src/stm32f4xx_hal_tim.o
                0x0000000008003680                HAL_TIM_ConfigClockSource
 .text.HAL_TIM_OC_DelayElapsedCallback
                0x00000000080037ee       0x14 Drivers/STM32F4xx_HAL_Driver/Src/stm32f4xx_hal_tim.o
                0x00000000080037ee                HAL_TIM_OC_DelayElapsedCallback
 .text.HAL_TIM_IC_CaptureCallback
                0x0000000008003802       0x14 Drivers/STM32F4xx_HAL_Driver/Src/stm32f4xx_hal_tim.o
                0x0000000008003802                HAL_TIM_IC_CaptureCallback
 .text.HAL_TIM_PWM_PulseFinishedCallback
                0x0000000008003816       0x14 Drivers/STM32F4xx_HAL_Driver/Src/stm32f4xx_hal_tim.o
                0x0000000008003816                HAL_TIM_PWM_PulseFinishedCallback
 .text.HAL_TIM_TriggerCallback
                0x000000000800382a       0x14 Drivers/STM32F4xx_HAL_Driver/Src/stm32f4xx_hal_tim.o
                0x000000000800382a                HAL_TIM_TriggerCallback
 *fill*         0x000000000800383e        0x2 
 .text.TIM_Base_SetConfig
                0x0000000008003840      0x140 Drivers/STM32F4xx_HAL_Driver/Src/stm32f4xx_hal_tim.o
                0x0000000008003840                TIM_Base_SetConfig
 .text.TIM_OC1_SetConfig
                0x0000000008003980       0xe0 Drivers/STM32F4xx_HAL_Driver/Src/stm32f4xx_hal_tim.o
 .text.TIM_OC2_SetConfig
                0x0000000008003a60       0xec Drivers/STM32F4xx_HAL_Driver/Src/stm32f4xx_hal_tim.o
                0x0000000008003a60                TIM_OC2_SetConfig
 .text.TIM_OC3_SetConfig
                0x0000000008003b4c       0xe8 Drivers/STM32F4xx_HAL_Driver/Src/stm32f4xx_hal_tim.o
 .text.TIM_OC4_SetConfig
                0x0000000008003c34       0xac Drivers/STM32F4xx_HAL_Driver/Src/stm32f4xx_hal_tim.o
 .text.TIM_TI1_ConfigInputStage
                0x0000000008003ce0       0x5e Drivers/STM32F4xx_HAL_Driver/Src/stm32f4xx_hal_tim.o
 .text.TIM_TI2_ConfigInputStage
                0x0000000008003d3e       0x60 Drivers/STM32F4xx_HAL_Driver/Src/stm32f4xx_hal_tim.o
 .text.TIM_ITRx_SetConfig
                0x0000000008003d9e       0x36 Drivers/STM32F4xx_HAL_Driver/Src/stm32f4xx_hal_tim.o
 .text.TIM_ETR_SetConfig
                0x0000000008003dd4       0x40 Drivers/STM32F4xx_HAL_Driver/Src/stm32f4xx_hal_tim.o
                0x0000000008003dd4                TIM_ETR_SetConfig
 .text.TIM_CCxChannelCmd
                0x0000000008003e14       0x4a Drivers/STM32F4xx_HAL_Driver/Src/stm32f4xx_hal_tim.o
                0x0000000008003e14                TIM_CCxChannelCmd
 *fill*         0x0000000008003e5e        0x2 
 .text.HAL_TIMEx_MasterConfigSynchronization
                0x0000000008003e60       0xf8 Drivers/STM32F4xx_HAL_Driver/Src/stm32f4xx_hal_tim_ex.o
                0x0000000008003e60                HAL_TIMEx_MasterConfigSynchronization
 .text.HAL_TIMEx_ConfigBreakDeadTime
                0x0000000008003f58       0xa4 Drivers/STM32F4xx_HAL_Driver/Src/stm32f4xx_hal_tim_ex.o
                0x0000000008003f58                HAL_TIMEx_ConfigBreakDeadTime
 .text.HAL_TIMEx_CommutCallback
                0x0000000008003ffc       0x14 Drivers/STM32F4xx_HAL_Driver/Src/stm32f4xx_hal_tim_ex.o
                0x0000000008003ffc                HAL_TIMEx_CommutCallback
 .text.HAL_TIMEx_BreakCallback
                0x0000000008004010       0x14 Drivers/STM32F4xx_HAL_Driver/Src/stm32f4xx_hal_tim_ex.o
                0x0000000008004010                HAL_TIMEx_BreakCallback
 .text.HAL_UART_Init
                0x0000000008004024       0x9a Drivers/STM32F4xx_HAL_Driver/Src/stm32f4xx_hal_uart.o
                0x0000000008004024                HAL_UART_Init
 .text.HAL_UART_Transmit_IT
                0x00000000080040be       0x8a Drivers/STM32F4xx_HAL_Driver/Src/stm32f4xx_hal_uart.o
                0x00000000080040be                HAL_UART_Transmit_IT
 .text.HAL_UART_Receive_DMA
                0x0000000008004148      0x100 Drivers/STM32F4xx_HAL_Driver/Src/stm32f4xx_hal_uart.o
                0x0000000008004148                HAL_UART_Receive_DMA
 .text.HAL_UART_IRQHandler
                0x0000000008004248      0x200 Drivers/STM32F4xx_HAL_Driver/Src/stm32f4xx_hal_uart.o
                0x0000000008004248                HAL_UART_IRQHandler
 .text.HAL_UART_RxCpltCallback
                0x0000000008004448       0x14 Drivers/STM32F4xx_HAL_Driver/Src/stm32f4xx_hal_uart.o
                0x0000000008004448                HAL_UART_RxCpltCallback
 .text.HAL_UART_RxHalfCpltCallback
                0x000000000800445c       0x14 Drivers/STM32F4xx_HAL_Driver/Src/stm32f4xx_hal_uart.o
                0x000000000800445c                HAL_UART_RxHalfCpltCallback
 .text.HAL_UART_ErrorCallback
                0x0000000008004470       0x14 Drivers/STM32F4xx_HAL_Driver/Src/stm32f4xx_hal_uart.o
                0x0000000008004470                HAL_UART_ErrorCallback
 .text.UART_DMAReceiveCplt
                0x0000000008004484       0x68 Drivers/STM32F4xx_HAL_Driver/Src/stm32f4xx_hal_uart.o
 .text.UART_DMARxHalfCplt
                0x00000000080044ec       0x1c Drivers/STM32F4xx_HAL_Driver/Src/stm32f4xx_hal_uart.o
 .text.UART_DMAError
                0x0000000008004508       0x94 Drivers/STM32F4xx_HAL_Driver/Src/stm32f4xx_hal_uart.o
 .text.UART_EndTxTransfer
                0x000000000800459c       0x2c Drivers/STM32F4xx_HAL_Driver/Src/stm32f4xx_hal_uart.o
 .text.UART_EndRxTransfer
                0x00000000080045c8       0x3c Drivers/STM32F4xx_HAL_Driver/Src/stm32f4xx_hal_uart.o
 .text.UART_DMAAbortOnError
                0x0000000008004604       0x28 Drivers/STM32F4xx_HAL_Driver/Src/stm32f4xx_hal_uart.o
 .text.UART_Transmit_IT
                0x000000000800462c       0xac Drivers/STM32F4xx_HAL_Driver/Src/stm32f4xx_hal_uart.o
 .text.UART_EndTransmit_IT
                0x00000000080046d8       0x30 Drivers/STM32F4xx_HAL_Driver/Src/stm32f4xx_hal_uart.o
 .text.UART_Receive_IT
                0x0000000008004708      0x102 Drivers/STM32F4xx_HAL_Driver/Src/stm32f4xx_hal_uart.o
 *fill*         0x000000000800480a        0x2 
 .text.UART_SetConfig
                0x000000000800480c      0x6f8 Drivers/STM32F4xx_HAL_Driver/Src/stm32f4xx_hal_uart.o
 .text.__libc_init_array
                0x0000000008004f04       0x48 d:/st/stm32cubeide_1.1.0/stm32cubeide/plugins/com.st.stm32cube.ide.mcu.externaltools.gnu-tools-for-stm32.7-2018-q2-update.win32_1.0.0.201904181610/tools/bin/../lib/gcc/arm-none-eabi/7.3.1/../../../../arm-none-eabi/lib/thumb/v7e-m/fpv4-sp/hard\libc_nano.a(lib_a-init.o)
                0x0000000008004f04                __libc_init_array
 .text.memset   0x0000000008004f4c       0x10 d:/st/stm32cubeide_1.1.0/stm32cubeide/plugins/com.st.stm32cube.ide.mcu.externaltools.gnu-tools-for-stm32.7-2018-q2-update.win32_1.0.0.201904181610/tools/bin/../lib/gcc/arm-none-eabi/7.3.1/../../../../arm-none-eabi/lib/thumb/v7e-m/fpv4-sp/hard\libc_nano.a(lib_a-memset.o)
                0x0000000008004f4c                memset
 *(.glue_7)
 .glue_7        0x0000000008004f5c        0x0 linker stubs
 *(.glue_7t)
 .glue_7t       0x0000000008004f5c        0x0 linker stubs
 *(.eh_frame)
 .eh_frame      0x0000000008004f5c        0x0 d:/st/stm32cubeide_1.1.0/stm32cubeide/plugins/com.st.stm32cube.ide.mcu.externaltools.gnu-tools-for-stm32.7-2018-q2-update.win32_1.0.0.201904181610/tools/bin/../lib/gcc/arm-none-eabi/7.3.1/thumb/v7e-m/fpv4-sp/hard/crtbegin.o
 *(.init)
 .init          0x0000000008004f5c        0x4 d:/st/stm32cubeide_1.1.0/stm32cubeide/plugins/com.st.stm32cube.ide.mcu.externaltools.gnu-tools-for-stm32.7-2018-q2-update.win32_1.0.0.201904181610/tools/bin/../lib/gcc/arm-none-eabi/7.3.1/thumb/v7e-m/fpv4-sp/hard/crti.o
                0x0000000008004f5c                _init
 .init          0x0000000008004f60        0x8 d:/st/stm32cubeide_1.1.0/stm32cubeide/plugins/com.st.stm32cube.ide.mcu.externaltools.gnu-tools-for-stm32.7-2018-q2-update.win32_1.0.0.201904181610/tools/bin/../lib/gcc/arm-none-eabi/7.3.1/thumb/v7e-m/fpv4-sp/hard/crtn.o
 *(.fini)
 .fini          0x0000000008004f68        0x4 d:/st/stm32cubeide_1.1.0/stm32cubeide/plugins/com.st.stm32cube.ide.mcu.externaltools.gnu-tools-for-stm32.7-2018-q2-update.win32_1.0.0.201904181610/tools/bin/../lib/gcc/arm-none-eabi/7.3.1/thumb/v7e-m/fpv4-sp/hard/crti.o
                0x0000000008004f68                _fini
 .fini          0x0000000008004f6c        0x8 d:/st/stm32cubeide_1.1.0/stm32cubeide/plugins/com.st.stm32cube.ide.mcu.externaltools.gnu-tools-for-stm32.7-2018-q2-update.win32_1.0.0.201904181610/tools/bin/../lib/gcc/arm-none-eabi/7.3.1/thumb/v7e-m/fpv4-sp/hard/crtn.o
                0x0000000008004f74                . = ALIGN (0x4)
                0x0000000008004f74                _etext = .

.vfp11_veneer   0x0000000008004f74        0x0
 .vfp11_veneer  0x0000000008004f74        0x0 linker stubs

.v4_bx          0x0000000008004f74        0x0
 .v4_bx         0x0000000008004f74        0x0 linker stubs

.iplt           0x0000000008004f74        0x0
 .iplt          0x0000000008004f74        0x0 d:/st/stm32cubeide_1.1.0/stm32cubeide/plugins/com.st.stm32cube.ide.mcu.externaltools.gnu-tools-for-stm32.7-2018-q2-update.win32_1.0.0.201904181610/tools/bin/../lib/gcc/arm-none-eabi/7.3.1/thumb/v7e-m/fpv4-sp/hard/crtbegin.o

.rodata         0x0000000008004f74       0x20
                0x0000000008004f74                . = ALIGN (0x4)
 *(.rodata)
 *(.rodata*)
 .rodata.AHBPrescTable
                0x0000000008004f74       0x10 Core/Src/system_stm32f4xx.o
                0x0000000008004f74                AHBPrescTable
 .rodata.APBPrescTable
                0x0000000008004f84        0x8 Core/Src/system_stm32f4xx.o
                0x0000000008004f84                APBPrescTable
 .rodata.flagBitshiftOffset.8119
                0x0000000008004f8c        0x8 Drivers/STM32F4xx_HAL_Driver/Src/stm32f4xx_hal_dma.o
                0x0000000008004f94                . = ALIGN (0x4)

.ARM.extab      0x0000000008004f94        0x0
                0x0000000008004f94                . = ALIGN (0x4)
 *(.ARM.extab* .gnu.linkonce.armextab.*)
                0x0000000008004f94                . = ALIGN (0x4)

.ARM            0x0000000008004f94        0x8
                0x0000000008004f94                . = ALIGN (0x4)
                0x0000000008004f94                __exidx_start = .
 *(.ARM.exidx*)
 .ARM.exidx     0x0000000008004f94        0x8 d:/st/stm32cubeide_1.1.0/stm32cubeide/plugins/com.st.stm32cube.ide.mcu.externaltools.gnu-tools-for-stm32.7-2018-q2-update.win32_1.0.0.201904181610/tools/bin/../lib/gcc/arm-none-eabi/7.3.1/thumb/v7e-m/fpv4-sp/hard\libgcc.a(_udivmoddi4.o)
                0x0000000008004f9c                __exidx_end = .
                0x0000000008004f9c                . = ALIGN (0x4)

.rel.dyn        0x0000000008004f9c        0x0
 .rel.iplt      0x0000000008004f9c        0x0 d:/st/stm32cubeide_1.1.0/stm32cubeide/plugins/com.st.stm32cube.ide.mcu.externaltools.gnu-tools-for-stm32.7-2018-q2-update.win32_1.0.0.201904181610/tools/bin/../lib/gcc/arm-none-eabi/7.3.1/thumb/v7e-m/fpv4-sp/hard/crtbegin.o

.preinit_array  0x0000000008004f9c        0x0
                0x0000000008004f9c                . = ALIGN (0x4)
                0x0000000008004f9c                PROVIDE (__preinit_array_start = .)
 *(.preinit_array*)
                0x0000000008004f9c                PROVIDE (__preinit_array_end = .)
                0x0000000008004f9c                . = ALIGN (0x4)

.init_array     0x0000000008004f9c        0x4
                0x0000000008004f9c                . = ALIGN (0x4)
                0x0000000008004f9c                PROVIDE (__init_array_start = .)
 *(SORT_BY_NAME(.init_array.*))
 *(.init_array*)
 .init_array    0x0000000008004f9c        0x4 d:/st/stm32cubeide_1.1.0/stm32cubeide/plugins/com.st.stm32cube.ide.mcu.externaltools.gnu-tools-for-stm32.7-2018-q2-update.win32_1.0.0.201904181610/tools/bin/../lib/gcc/arm-none-eabi/7.3.1/thumb/v7e-m/fpv4-sp/hard/crtbegin.o
                0x0000000008004fa0                PROVIDE (__init_array_end = .)
                0x0000000008004fa0                . = ALIGN (0x4)

.fini_array     0x0000000008004fa0        0x4
                0x0000000008004fa0                . = ALIGN (0x4)
                [!provide]                        PROVIDE (__fini_array_start = .)
 *(SORT_BY_NAME(.fini_array.*))
 *(.fini_array*)
 .fini_array    0x0000000008004fa0        0x4 d:/st/stm32cubeide_1.1.0/stm32cubeide/plugins/com.st.stm32cube.ide.mcu.externaltools.gnu-tools-for-stm32.7-2018-q2-update.win32_1.0.0.201904181610/tools/bin/../lib/gcc/arm-none-eabi/7.3.1/thumb/v7e-m/fpv4-sp/hard/crtbegin.o
                [!provide]                        PROVIDE (__fini_array_end = .)
                0x0000000008004fa4                . = ALIGN (0x4)
                0x0000000008004fa4                _sidata = LOADADDR (.data)

.data           0x0000000020000000       0x20 load address 0x0000000008004fa4
                0x0000000020000000                . = ALIGN (0x4)
                0x0000000020000000                _sdata = .
 *(.data)
 *(.data*)
 .data.joyLeftMidVer
                0x0000000020000000        0x2 Core/Src/main.o
                0x0000000020000000                joyLeftMidVer
 .data.joyLeftMidHor
                0x0000000020000002        0x2 Core/Src/main.o
                0x0000000020000002                joyLeftMidHor
 .data.joyRigtMidVer
                0x0000000020000004        0x2 Core/Src/main.o
                0x0000000020000004                joyRigtMidVer
 .data.joyRigtMidHor
                0x0000000020000006        0x2 Core/Src/main.o
                0x0000000020000006                joyRigtMidHor
 .data.compassTxPacket
                0x0000000020000008        0x9 Core/Src/main.o
                0x0000000020000008                compassTxPacket
 *fill*         0x0000000020000011        0x3 
 .data.SystemCoreClock
                0x0000000020000014        0x4 Core/Src/system_stm32f4xx.o
                0x0000000020000014                SystemCoreClock
 .data.uwTickPrio
                0x0000000020000018        0x4 Drivers/STM32F4xx_HAL_Driver/Src/stm32f4xx_hal.o
                0x0000000020000018                uwTickPrio
 .data.uwTickFreq
                0x000000002000001c        0x1 Drivers/STM32F4xx_HAL_Driver/Src/stm32f4xx_hal.o
                0x000000002000001c                uwTickFreq
                0x0000000020000020                . = ALIGN (0x4)
 *fill*         0x000000002000001d        0x3 
                0x0000000020000020                _edata = .

.igot.plt       0x0000000020000020        0x0 load address 0x0000000008004fc4
 .igot.plt      0x0000000020000020        0x0 d:/st/stm32cubeide_1.1.0/stm32cubeide/plugins/com.st.stm32cube.ide.mcu.externaltools.gnu-tools-for-stm32.7-2018-q2-update.win32_1.0.0.201904181610/tools/bin/../lib/gcc/arm-none-eabi/7.3.1/thumb/v7e-m/fpv4-sp/hard/crtbegin.o
                0x0000000020000020                . = ALIGN (0x4)

.bss            0x0000000020000020      0x370 load address 0x0000000008004fc4
                0x0000000020000020                _sbss = .
                0x0000000020000020                __bss_start__ = _sbss
 *(.bss)
 .bss           0x0000000020000020       0x1c d:/st/stm32cubeide_1.1.0/stm32cubeide/plugins/com.st.stm32cube.ide.mcu.externaltools.gnu-tools-for-stm32.7-2018-q2-update.win32_1.0.0.201904181610/tools/bin/../lib/gcc/arm-none-eabi/7.3.1/thumb/v7e-m/fpv4-sp/hard/crtbegin.o
 *(.bss*)
 .bss.PS2CheckbyteCount
                0x000000002000003c        0x1 Core/Src/main.o
                0x000000002000003c                PS2CheckbyteCount
 *(COMMON)
 *fill*         0x000000002000003d        0x3 
 COMMON         0x0000000020000040      0x34c Core/Src/main.o
                0x0000000020000040                debugSpeed2
                0x0000000020000048                motor3Speed
                0x000000002000004c                debug_HAND_STATUS_WAIT
                0x0000000020000050                hdma_uart4_rx
                0x00000000200000b0                yawD
                0x00000000200000b8                htim8
                0x00000000200000f8                motor3Dir
                0x00000000200000fa                yawPreError
                0x0000000020000100                _motor4Speed
                0x0000000020000108                handElapsedPulses
                0x000000002000010c                debug_HAND_STATUS_PUT
                0x0000000020000110                joyRigtHor
                0x0000000020000112                motor1Speed
                0x0000000020000114                trackingHandShoot
                0x0000000020000118                PS2Data
                0x0000000020000120                compassRxPacket
                0x0000000020000130                debugSpeed3
                0x0000000020000138                PS2TxCplt
                0x0000000020000140                debugSpeed1
                0x0000000020000148                _dir
                0x0000000020000150                yawI
                0x0000000020000158                yawError
                0x000000002000015c                htim5
                0x000000002000019c                motor4Dir
                0x000000002000019d                motor2Dir
                0x000000002000019e                compassData
                0x00000000200001a0                yawP
                0x00000000200001a8                compassRxCplt
                0x00000000200001a9                PS2DataIndex
                0x00000000200001ac                PS2TxTracking
                0x00000000200001b0                hdma_usart1_rx
                0x0000000020000210                debugSpeed4
                0x0000000020000218                compassGetDataPeriod
                0x0000000020000220                _motor1Speed
                0x0000000020000228                huart1
                0x0000000020000268                PS2RxTracking
                0x0000000020000270                _controlSpeed
                0x0000000020000278                PS2Button
                0x0000000020000280                yawSpeed
                0x0000000020000288                motor4Speed
                0x000000002000028c                delayTick001
                0x0000000020000290                angle
                0x0000000020000298                PS2RxCplt
                0x000000002000029c                tracking
                0x00000000200002a0                joyRigtVer
                0x00000000200002a8                _motor2Speed
                0x00000000200002b0                htim1
                0x00000000200002f0                _roL_pit_speed
                0x00000000200002f8                yawPID
                0x0000000020000300                PS2RxPacket
                0x0000000020000308                debug_HAND_STATUS_READY
                0x0000000020000310                speed
                0x0000000020000318                huart4
                0x0000000020000358                handStatus
                0x0000000020000360                _motor3Speed
                0x0000000020000368                compassTxCplt
                0x0000000020000369                motor2Speed
                0x000000002000036a                motor1Dir
                0x000000002000036c                joyLeftHor
                0x0000000020000370                rotateAngle
                0x0000000020000378                handEn
                0x000000002000037c                trackingWait4CompassRx
                0x0000000020000380                joyLeftVer
                0x0000000020000384                trackingHand
                0x0000000020000388                trackingWait4CompassTx
 COMMON         0x000000002000038c        0x4 Drivers/STM32F4xx_HAL_Driver/Src/stm32f4xx_hal.o
                0x000000002000038c                uwTick
                0x0000000020000390                . = ALIGN (0x4)
                0x0000000020000390                _ebss = .
                0x0000000020000390                __bss_end__ = _ebss

._user_heap_stack
                0x0000000020000390      0x600 load address 0x0000000008004fc4
                0x0000000020000390                . = ALIGN (0x8)
                0x0000000020000390                PROVIDE (end = .)
                [!provide]                        PROVIDE (_end = .)
                0x0000000020000590                . = (. + _Min_Heap_Size)
 *fill*         0x0000000020000390      0x200 
                0x0000000020000990                . = (. + _Min_Stack_Size)
 *fill*         0x0000000020000590      0x400 
                0x0000000020000990                . = ALIGN (0x8)

/DISCARD/
 libc.a(*)
 libm.a(*)
 libgcc.a(*)

.ARM.attributes
                0x0000000000000000       0x30
 *(.ARM.attributes)
 .ARM.attributes
                0x0000000000000000       0x22 d:/st/stm32cubeide_1.1.0/stm32cubeide/plugins/com.st.stm32cube.ide.mcu.externaltools.gnu-tools-for-stm32.7-2018-q2-update.win32_1.0.0.201904181610/tools/bin/../lib/gcc/arm-none-eabi/7.3.1/thumb/v7e-m/fpv4-sp/hard/crti.o
 .ARM.attributes
                0x0000000000000022       0x34 d:/st/stm32cubeide_1.1.0/stm32cubeide/plugins/com.st.stm32cube.ide.mcu.externaltools.gnu-tools-for-stm32.7-2018-q2-update.win32_1.0.0.201904181610/tools/bin/../lib/gcc/arm-none-eabi/7.3.1/thumb/v7e-m/fpv4-sp/hard/crtbegin.o
 .ARM.attributes
                0x0000000000000056       0x39 Core/Src/main.o
 .ARM.attributes
                0x000000000000008f       0x39 Core/Src/stm32f4xx_hal_msp.o
 .ARM.attributes
                0x00000000000000c8       0x39 Core/Src/stm32f4xx_it.o
 .ARM.attributes
                0x0000000000000101       0x39 Core/Src/system_stm32f4xx.o
 .ARM.attributes
                0x000000000000013a       0x21 Core/Startup/startup_stm32f407vetx.o
 .ARM.attributes
                0x000000000000015b       0x39 Drivers/STM32F4xx_HAL_Driver/Src/stm32f4xx_hal.o
 .ARM.attributes
                0x0000000000000194       0x39 Drivers/STM32F4xx_HAL_Driver/Src/stm32f4xx_hal_cortex.o
 .ARM.attributes
                0x00000000000001cd       0x39 Drivers/STM32F4xx_HAL_Driver/Src/stm32f4xx_hal_dma.o
 .ARM.attributes
                0x0000000000000206       0x39 Drivers/STM32F4xx_HAL_Driver/Src/stm32f4xx_hal_gpio.o
 .ARM.attributes
                0x000000000000023f       0x39 Drivers/STM32F4xx_HAL_Driver/Src/stm32f4xx_hal_rcc.o
 .ARM.attributes
                0x0000000000000278       0x39 Drivers/STM32F4xx_HAL_Driver/Src/stm32f4xx_hal_tim.o
 .ARM.attributes
                0x00000000000002b1       0x39 Drivers/STM32F4xx_HAL_Driver/Src/stm32f4xx_hal_tim_ex.o
 .ARM.attributes
                0x00000000000002ea       0x39 Drivers/STM32F4xx_HAL_Driver/Src/stm32f4xx_hal_uart.o
 .ARM.attributes
                0x0000000000000323       0x34 d:/st/stm32cubeide_1.1.0/stm32cubeide/plugins/com.st.stm32cube.ide.mcu.externaltools.gnu-tools-for-stm32.7-2018-q2-update.win32_1.0.0.201904181610/tools/bin/../lib/gcc/arm-none-eabi/7.3.1/../../../../arm-none-eabi/lib/thumb/v7e-m/fpv4-sp/hard\libc_nano.a(lib_a-init.o)
 .ARM.attributes
                0x0000000000000357       0x34 d:/st/stm32cubeide_1.1.0/stm32cubeide/plugins/com.st.stm32cube.ide.mcu.externaltools.gnu-tools-for-stm32.7-2018-q2-update.win32_1.0.0.201904181610/tools/bin/../lib/gcc/arm-none-eabi/7.3.1/../../../../arm-none-eabi/lib/thumb/v7e-m/fpv4-sp/hard\libc_nano.a(lib_a-memset.o)
 .ARM.attributes
                0x000000000000038b       0x22 d:/st/stm32cubeide_1.1.0/stm32cubeide/plugins/com.st.stm32cube.ide.mcu.externaltools.gnu-tools-for-stm32.7-2018-q2-update.win32_1.0.0.201904181610/tools/bin/../lib/gcc/arm-none-eabi/7.3.1/thumb/v7e-m/fpv4-sp/hard\libgcc.a(_arm_addsubdf3.o)
 .ARM.attributes
                0x00000000000003ad       0x22 d:/st/stm32cubeide_1.1.0/stm32cubeide/plugins/com.st.stm32cube.ide.mcu.externaltools.gnu-tools-for-stm32.7-2018-q2-update.win32_1.0.0.201904181610/tools/bin/../lib/gcc/arm-none-eabi/7.3.1/thumb/v7e-m/fpv4-sp/hard\libgcc.a(_aeabi_uldivmod.o)
 .ARM.attributes
                0x00000000000003cf       0x34 d:/st/stm32cubeide_1.1.0/stm32cubeide/plugins/com.st.stm32cube.ide.mcu.externaltools.gnu-tools-for-stm32.7-2018-q2-update.win32_1.0.0.201904181610/tools/bin/../lib/gcc/arm-none-eabi/7.3.1/thumb/v7e-m/fpv4-sp/hard\libgcc.a(_udivmoddi4.o)
 .ARM.attributes
                0x0000000000000403       0x22 d:/st/stm32cubeide_1.1.0/stm32cubeide/plugins/com.st.stm32cube.ide.mcu.externaltools.gnu-tools-for-stm32.7-2018-q2-update.win32_1.0.0.201904181610/tools/bin/../lib/gcc/arm-none-eabi/7.3.1/thumb/v7e-m/fpv4-sp/hard\libgcc.a(_dvmd_tls.o)
 .ARM.attributes
                0x0000000000000425       0x22 d:/st/stm32cubeide_1.1.0/stm32cubeide/plugins/com.st.stm32cube.ide.mcu.externaltools.gnu-tools-for-stm32.7-2018-q2-update.win32_1.0.0.201904181610/tools/bin/../lib/gcc/arm-none-eabi/7.3.1/thumb/v7e-m/fpv4-sp/hard/crtn.o
OUTPUT(zmanual.elf elf32-littlearm)

.debug_info     0x0000000000000000     0xbc1b
 .debug_info    0x0000000000000000     0x2335 Core/Src/main.o
 .debug_info    0x0000000000002335      0xf53 Core/Src/stm32f4xx_hal_msp.o
 .debug_info    0x0000000000003288      0xa43 Core/Src/stm32f4xx_it.o
 .debug_info    0x0000000000003ccb      0x554 Core/Src/system_stm32f4xx.o
 .debug_info    0x000000000000421f       0x22 Core/Startup/startup_stm32f407vetx.o
 .debug_info    0x0000000000004241      0x945 Drivers/STM32F4xx_HAL_Driver/Src/stm32f4xx_hal.o
 .debug_info    0x0000000000004b86      0xe28 Drivers/STM32F4xx_HAL_Driver/Src/stm32f4xx_hal_cortex.o
 .debug_info    0x00000000000059ae      0x968 Drivers/STM32F4xx_HAL_Driver/Src/stm32f4xx_hal_dma.o
 .debug_info    0x0000000000006316      0x7b5 Drivers/STM32F4xx_HAL_Driver/Src/stm32f4xx_hal_gpio.o
 .debug_info    0x0000000000006acb      0x904 Drivers/STM32F4xx_HAL_Driver/Src/stm32f4xx_hal_rcc.o
 .debug_info    0x00000000000073cf     0x24a9 Drivers/STM32F4xx_HAL_Driver/Src/stm32f4xx_hal_tim.o
 .debug_info    0x0000000000009878     0x1157 Drivers/STM32F4xx_HAL_Driver/Src/stm32f4xx_hal_tim_ex.o
 .debug_info    0x000000000000a9cf     0x124c Drivers/STM32F4xx_HAL_Driver/Src/stm32f4xx_hal_uart.o

.debug_abbrev   0x0000000000000000     0x193b
 .debug_abbrev  0x0000000000000000      0x326 Core/Src/main.o
 .debug_abbrev  0x0000000000000326      0x1de Core/Src/stm32f4xx_hal_msp.o
 .debug_abbrev  0x0000000000000504      0x172 Core/Src/stm32f4xx_it.o
 .debug_abbrev  0x0000000000000676      0x12b Core/Src/system_stm32f4xx.o
 .debug_abbrev  0x00000000000007a1       0x12 Core/Startup/startup_stm32f407vetx.o
 .debug_abbrev  0x00000000000007b3      0x1c7 Drivers/STM32F4xx_HAL_Driver/Src/stm32f4xx_hal.o
 .debug_abbrev  0x000000000000097a      0x2fa Drivers/STM32F4xx_HAL_Driver/Src/stm32f4xx_hal_cortex.o
 .debug_abbrev  0x0000000000000c74      0x229 Drivers/STM32F4xx_HAL_Driver/Src/stm32f4xx_hal_dma.o
 .debug_abbrev  0x0000000000000e9d      0x1c9 Drivers/STM32F4xx_HAL_Driver/Src/stm32f4xx_hal_gpio.o
 .debug_abbrev  0x0000000000001066      0x245 Drivers/STM32F4xx_HAL_Driver/Src/stm32f4xx_hal_rcc.o
 .debug_abbrev  0x00000000000012ab      0x230 Drivers/STM32F4xx_HAL_Driver/Src/stm32f4xx_hal_tim.o
 .debug_abbrev  0x00000000000014db      0x21e Drivers/STM32F4xx_HAL_Driver/Src/stm32f4xx_hal_tim_ex.o
 .debug_abbrev  0x00000000000016f9      0x242 Drivers/STM32F4xx_HAL_Driver/Src/stm32f4xx_hal_uart.o

.debug_aranges  0x0000000000000000      0xc98
 .debug_aranges
                0x0000000000000000      0x140 Core/Src/main.o
 .debug_aranges
                0x0000000000000140       0x48 Core/Src/stm32f4xx_hal_msp.o
 .debug_aranges
                0x0000000000000188       0x80 Core/Src/stm32f4xx_it.o
 .debug_aranges
                0x0000000000000208       0x28 Core/Src/system_stm32f4xx.o
 .debug_aranges
                0x0000000000000230       0x28 Core/Startup/startup_stm32f407vetx.o
 .debug_aranges
                0x0000000000000258       0xf0 Drivers/STM32F4xx_HAL_Driver/Src/stm32f4xx_hal.o
 .debug_aranges
                0x0000000000000348      0x118 Drivers/STM32F4xx_HAL_Driver/Src/stm32f4xx_hal_cortex.o
 .debug_aranges
                0x0000000000000460       0x90 Drivers/STM32F4xx_HAL_Driver/Src/stm32f4xx_hal_dma.o
 .debug_aranges
                0x00000000000004f0       0x58 Drivers/STM32F4xx_HAL_Driver/Src/stm32f4xx_hal_gpio.o
 .debug_aranges
                0x0000000000000548       0x88 Drivers/STM32F4xx_HAL_Driver/Src/stm32f4xx_hal_rcc.o
 .debug_aranges
                0x00000000000005d0      0x3a8 Drivers/STM32F4xx_HAL_Driver/Src/stm32f4xx_hal_tim.o
 .debug_aranges
                0x0000000000000978      0x150 Drivers/STM32F4xx_HAL_Driver/Src/stm32f4xx_hal_tim_ex.o
 .debug_aranges
                0x0000000000000ac8      0x1d0 Drivers/STM32F4xx_HAL_Driver/Src/stm32f4xx_hal_uart.o

.debug_ranges   0x0000000000000000      0xbd0
 .debug_ranges  0x0000000000000000      0x130 Core/Src/main.o
 .debug_ranges  0x0000000000000130       0x38 Core/Src/stm32f4xx_hal_msp.o
 .debug_ranges  0x0000000000000168       0x70 Core/Src/stm32f4xx_it.o
 .debug_ranges  0x00000000000001d8       0x18 Core/Src/system_stm32f4xx.o
 .debug_ranges  0x00000000000001f0       0x20 Core/Startup/startup_stm32f407vetx.o
 .debug_ranges  0x0000000000000210       0xe0 Drivers/STM32F4xx_HAL_Driver/Src/stm32f4xx_hal.o
 .debug_ranges  0x00000000000002f0      0x108 Drivers/STM32F4xx_HAL_Driver/Src/stm32f4xx_hal_cortex.o
 .debug_ranges  0x00000000000003f8       0x80 Drivers/STM32F4xx_HAL_Driver/Src/stm32f4xx_hal_dma.o
 .debug_ranges  0x0000000000000478       0x48 Drivers/STM32F4xx_HAL_Driver/Src/stm32f4xx_hal_gpio.o
 .debug_ranges  0x00000000000004c0       0x78 Drivers/STM32F4xx_HAL_Driver/Src/stm32f4xx_hal_rcc.o
 .debug_ranges  0x0000000000000538      0x398 Drivers/STM32F4xx_HAL_Driver/Src/stm32f4xx_hal_tim.o
 .debug_ranges  0x00000000000008d0      0x140 Drivers/STM32F4xx_HAL_Driver/Src/stm32f4xx_hal_tim_ex.o
 .debug_ranges  0x0000000000000a10      0x1c0 Drivers/STM32F4xx_HAL_Driver/Src/stm32f4xx_hal_uart.o

.debug_macro    0x0000000000000000    0x209cf
 .debug_macro   0x0000000000000000      0x2d7 Core/Src/main.o
 .debug_macro   0x00000000000002d7      0xa5a Core/Src/main.o
 .debug_macro   0x0000000000000d31      0x18a Core/Src/main.o
 .debug_macro   0x0000000000000ebb       0x2e Core/Src/main.o
 .debug_macro   0x0000000000000ee9       0x2f Core/Src/main.o
 .debug_macro   0x0000000000000f18       0x22 Core/Src/main.o
 .debug_macro   0x0000000000000f3a       0x8e Core/Src/main.o
 .debug_macro   0x0000000000000fc8       0x51 Core/Src/main.o
 .debug_macro   0x0000000000001019       0xef Core/Src/main.o
 .debug_macro   0x0000000000001108       0x6a Core/Src/main.o
 .debug_macro   0x0000000000001172      0x1df Core/Src/main.o
 .debug_macro   0x0000000000001351       0x1c Core/Src/main.o
 .debug_macro   0x000000000000136d       0x22 Core/Src/main.o
 .debug_macro   0x000000000000138f       0xdf Core/Src/main.o
 .debug_macro   0x000000000000146e     0x102d Core/Src/main.o
 .debug_macro   0x000000000000249b      0x11f Core/Src/main.o
 .debug_macro   0x00000000000025ba    0x15e3c Core/Src/main.o
 .debug_macro   0x00000000000183f6       0x43 Core/Src/main.o
 .debug_macro   0x0000000000018439     0x3659 Core/Src/main.o
 .debug_macro   0x000000000001ba92      0x174 Core/Src/main.o
 .debug_macro   0x000000000001bc06       0x5a Core/Src/main.o
 .debug_macro   0x000000000001bc60      0x96b Core/Src/main.o
 .debug_macro   0x000000000001c5cb      0x9fe Core/Src/main.o
 .debug_macro   0x000000000001cfc9      0x174 Core/Src/main.o
 .debug_macro   0x000000000001d13d      0x117 Core/Src/main.o
 .debug_macro   0x000000000001d254      0x13e Core/Src/main.o
 .debug_macro   0x000000000001d392       0x27 Core/Src/main.o
 .debug_macro   0x000000000001d3b9      0x287 Core/Src/main.o
 .debug_macro   0x000000000001d640       0x5f Core/Src/main.o
 .debug_macro   0x000000000001d69f      0x236 Core/Src/main.o
 .debug_macro   0x000000000001d8d5      0x12c Core/Src/main.o
 .debug_macro   0x000000000001da01      0x21e Core/Src/main.o
 .debug_macro   0x000000000001dc1f       0x2e Core/Src/main.o
 .debug_macro   0x000000000001dc4d      0x11a Core/Src/main.o
 .debug_macro   0x000000000001dd67       0x7e Core/Src/main.o
 .debug_macro   0x000000000001dde5       0x89 Core/Src/main.o
 .debug_macro   0x000000000001de6e      0x8a0 Core/Src/main.o
 .debug_macro   0x000000000001e70e       0x47 Core/Src/main.o
 .debug_macro   0x000000000001e755      0x287 Core/Src/main.o
 .debug_macro   0x000000000001e9dc      0x12d Core/Src/main.o
 .debug_macro   0x000000000001eb09       0x58 Core/Src/main.o
 .debug_macro   0x000000000001eb61       0x18 Core/Src/main.o
 .debug_macro   0x000000000001eb79       0x46 Core/Src/main.o
 .debug_macro   0x000000000001ebbf       0x3c Core/Src/main.o
 .debug_macro   0x000000000001ebfb       0x34 Core/Src/main.o
 .debug_macro   0x000000000001ec2f       0x16 Core/Src/main.o
 .debug_macro   0x000000000001ec45       0x35 Core/Src/main.o
 .debug_macro   0x000000000001ec7a       0x52 Core/Src/main.o
 .debug_macro   0x000000000001eccc       0x1f Core/Src/main.o
 .debug_macro   0x000000000001eceb       0x43 Core/Src/main.o
 .debug_macro   0x000000000001ed2e       0x20 Core/Src/main.o
 .debug_macro   0x000000000001ed4e      0x1a3 Core/Src/main.o
 .debug_macro   0x000000000001eef1      0x32a Core/Src/main.o
 .debug_macro   0x000000000001f21b       0x16 Core/Src/main.o
 .debug_macro   0x000000000001f231       0x29 Core/Src/main.o
 .debug_macro   0x000000000001f25a       0x10 Core/Src/main.o
 .debug_macro   0x000000000001f26a      0x1e1 Core/Src/main.o
 .debug_macro   0x000000000001f44b       0x52 Core/Src/main.o
 .debug_macro   0x000000000001f49d       0x46 Core/Src/main.o
 .debug_macro   0x000000000001f4e3       0x22 Core/Src/main.o
 .debug_macro   0x000000000001f505      0x1dd Core/Src/stm32f4xx_hal_msp.o
 .debug_macro   0x000000000001f6e2      0x1e7 Core/Src/stm32f4xx_it.o
 .debug_macro   0x000000000001f8c9      0x1d4 Core/Src/system_stm32f4xx.o
 .debug_macro   0x000000000001fa9d      0x22e Drivers/STM32F4xx_HAL_Driver/Src/stm32f4xx_hal.o
 .debug_macro   0x000000000001fccb      0x1ce Drivers/STM32F4xx_HAL_Driver/Src/stm32f4xx_hal_cortex.o
 .debug_macro   0x000000000001fe99      0x1d4 Drivers/STM32F4xx_HAL_Driver/Src/stm32f4xx_hal_dma.o
 .debug_macro   0x000000000002006d      0x204 Drivers/STM32F4xx_HAL_Driver/Src/stm32f4xx_hal_gpio.o
 .debug_macro   0x0000000000020271      0x1f2 Drivers/STM32F4xx_HAL_Driver/Src/stm32f4xx_hal_rcc.o
 .debug_macro   0x0000000000020463      0x1cf Drivers/STM32F4xx_HAL_Driver/Src/stm32f4xx_hal_tim.o
 .debug_macro   0x0000000000020632      0x1ce Drivers/STM32F4xx_HAL_Driver/Src/stm32f4xx_hal_tim_ex.o
 .debug_macro   0x0000000000020800      0x1cf Drivers/STM32F4xx_HAL_Driver/Src/stm32f4xx_hal_uart.o

.debug_line     0x0000000000000000     0x8810
 .debug_line    0x0000000000000000      0xd75 Core/Src/main.o
 .debug_line    0x0000000000000d75      0x791 Core/Src/stm32f4xx_hal_msp.o
 .debug_line    0x0000000000001506      0x7b3 Core/Src/stm32f4xx_it.o
 .debug_line    0x0000000000001cb9      0x6dc Core/Src/system_stm32f4xx.o
 .debug_line    0x0000000000002395       0x85 Core/Startup/startup_stm32f407vetx.o
 .debug_line    0x000000000000241a      0x8c6 Drivers/STM32F4xx_HAL_Driver/Src/stm32f4xx_hal.o
 .debug_line    0x0000000000002ce0      0x9ea Drivers/STM32F4xx_HAL_Driver/Src/stm32f4xx_hal_cortex.o
 .debug_line    0x00000000000036ca      0x994 Drivers/STM32F4xx_HAL_Driver/Src/stm32f4xx_hal_dma.o
 .debug_line    0x000000000000405e      0x8a5 Drivers/STM32F4xx_HAL_Driver/Src/stm32f4xx_hal_gpio.o
 .debug_line    0x0000000000004903      0x91e Drivers/STM32F4xx_HAL_Driver/Src/stm32f4xx_hal_rcc.o
 .debug_line    0x0000000000005221     0x193f Drivers/STM32F4xx_HAL_Driver/Src/stm32f4xx_hal_tim.o
 .debug_line    0x0000000000006b60      0xcdc Drivers/STM32F4xx_HAL_Driver/Src/stm32f4xx_hal_tim_ex.o
 .debug_line    0x000000000000783c      0xfd4 Drivers/STM32F4xx_HAL_Driver/Src/stm32f4xx_hal_uart.o

.debug_str      0x0000000000000000    0xc936f
 .debug_str     0x0000000000000000    0xc6a84 Core/Src/main.o
                                      0xc6f45 (size before relaxing)
 .debug_str     0x00000000000c6a84       0x9a Core/Src/stm32f4xx_hal_msp.o
                                      0xc2be5 (size before relaxing)
 .debug_str     0x00000000000c6b1e      0x10e Core/Src/stm32f4xx_it.o
                                      0xc26c0 (size before relaxing)
 .debug_str     0x00000000000c6c2c       0xc4 Core/Src/system_stm32f4xx.o
                                      0xc1f1d (size before relaxing)
 .debug_str     0x00000000000c6cf0       0x36 Core/Startup/startup_stm32f407vetx.o
                                         0x86 (size before relaxing)
 .debug_str     0x00000000000c6d26      0x58d Drivers/STM32F4xx_HAL_Driver/Src/stm32f4xx_hal.o
                                      0xc29ea (size before relaxing)
 .debug_str     0x00000000000c72b3      0x399 Drivers/STM32F4xx_HAL_Driver/Src/stm32f4xx_hal_cortex.o
                                      0xc27d9 (size before relaxing)
 .debug_str     0x00000000000c764c      0x31d Drivers/STM32F4xx_HAL_Driver/Src/stm32f4xx_hal_dma.o
                                      0xc2332 (size before relaxing)
 .debug_str     0x00000000000c7969      0x20c Drivers/STM32F4xx_HAL_Driver/Src/stm32f4xx_hal_gpio.o
                                      0xc215c (size before relaxing)
 .debug_str     0x00000000000c7b75      0x259 Drivers/STM32F4xx_HAL_Driver/Src/stm32f4xx_hal_rcc.o
                                      0xc230a (size before relaxing)
 .debug_str     0x00000000000c7dce      0xc95 Drivers/STM32F4xx_HAL_Driver/Src/stm32f4xx_hal_tim.o
                                      0xc3029 (size before relaxing)
 .debug_str     0x00000000000c8a63      0x40e Drivers/STM32F4xx_HAL_Driver/Src/stm32f4xx_hal_tim_ex.o
                                      0xc2829 (size before relaxing)
 .debug_str     0x00000000000c8e71      0x4fe Drivers/STM32F4xx_HAL_Driver/Src/stm32f4xx_hal_uart.o
                                      0xc2769 (size before relaxing)

.comment        0x0000000000000000       0x7b
 .comment       0x0000000000000000       0x7b Core/Src/main.o
                                         0x7c (size before relaxing)
 .comment       0x000000000000007b       0x7c Core/Src/stm32f4xx_hal_msp.o
 .comment       0x000000000000007b       0x7c Core/Src/stm32f4xx_it.o
 .comment       0x000000000000007b       0x7c Core/Src/system_stm32f4xx.o
 .comment       0x000000000000007b       0x7c Drivers/STM32F4xx_HAL_Driver/Src/stm32f4xx_hal.o
 .comment       0x000000000000007b       0x7c Drivers/STM32F4xx_HAL_Driver/Src/stm32f4xx_hal_cortex.o
 .comment       0x000000000000007b       0x7c Drivers/STM32F4xx_HAL_Driver/Src/stm32f4xx_hal_dma.o
 .comment       0x000000000000007b       0x7c Drivers/STM32F4xx_HAL_Driver/Src/stm32f4xx_hal_gpio.o
 .comment       0x000000000000007b       0x7c Drivers/STM32F4xx_HAL_Driver/Src/stm32f4xx_hal_rcc.o
 .comment       0x000000000000007b       0x7c Drivers/STM32F4xx_HAL_Driver/Src/stm32f4xx_hal_tim.o
 .comment       0x000000000000007b       0x7c Drivers/STM32F4xx_HAL_Driver/Src/stm32f4xx_hal_tim_ex.o
 .comment       0x000000000000007b       0x7c Drivers/STM32F4xx_HAL_Driver/Src/stm32f4xx_hal_uart.o

.debug_frame    0x0000000000000000     0x3574
 .debug_frame   0x0000000000000000      0x4d0 Core/Src/main.o
 .debug_frame   0x00000000000004d0       0xec Core/Src/stm32f4xx_hal_msp.o
 .debug_frame   0x00000000000005bc      0x17c Core/Src/stm32f4xx_it.o
 .debug_frame   0x0000000000000738       0x58 Core/Src/system_stm32f4xx.o
 .debug_frame   0x0000000000000790      0x374 Drivers/STM32F4xx_HAL_Driver/Src/stm32f4xx_hal.o
 .debug_frame   0x0000000000000b04      0x498 Drivers/STM32F4xx_HAL_Driver/Src/stm32f4xx_hal_cortex.o
 .debug_frame   0x0000000000000f9c      0x250 Drivers/STM32F4xx_HAL_Driver/Src/stm32f4xx_hal_dma.o
 .debug_frame   0x00000000000011ec      0x14c Drivers/STM32F4xx_HAL_Driver/Src/stm32f4xx_hal_gpio.o
 .debug_frame   0x0000000000001338      0x1f0 Drivers/STM32F4xx_HAL_Driver/Src/stm32f4xx_hal_rcc.o
 .debug_frame   0x0000000000001528     0x10f0 Drivers/STM32F4xx_HAL_Driver/Src/stm32f4xx_hal_tim.o
 .debug_frame   0x0000000000002618      0x5c0 Drivers/STM32F4xx_HAL_Driver/Src/stm32f4xx_hal_tim_ex.o
 .debug_frame   0x0000000000002bd8      0x844 Drivers/STM32F4xx_HAL_Driver/Src/stm32f4xx_hal_uart.o
 .debug_frame   0x000000000000341c       0x2c d:/st/stm32cubeide_1.1.0/stm32cubeide/plugins/com.st.stm32cube.ide.mcu.externaltools.gnu-tools-for-stm32.7-2018-q2-update.win32_1.0.0.201904181610/tools/bin/../lib/gcc/arm-none-eabi/7.3.1/../../../../arm-none-eabi/lib/thumb/v7e-m/fpv4-sp/hard\libc_nano.a(lib_a-init.o)
 .debug_frame   0x0000000000003448       0x20 d:/st/stm32cubeide_1.1.0/stm32cubeide/plugins/com.st.stm32cube.ide.mcu.externaltools.gnu-tools-for-stm32.7-2018-q2-update.win32_1.0.0.201904181610/tools/bin/../lib/gcc/arm-none-eabi/7.3.1/../../../../arm-none-eabi/lib/thumb/v7e-m/fpv4-sp/hard\libc_nano.a(lib_a-memset.o)
 .debug_frame   0x0000000000003468       0xac d:/st/stm32cubeide_1.1.0/stm32cubeide/plugins/com.st.stm32cube.ide.mcu.externaltools.gnu-tools-for-stm32.7-2018-q2-update.win32_1.0.0.201904181610/tools/bin/../lib/gcc/arm-none-eabi/7.3.1/thumb/v7e-m/fpv4-sp/hard\libgcc.a(_arm_addsubdf3.o)
 .debug_frame   0x0000000000003514       0x2c d:/st/stm32cubeide_1.1.0/stm32cubeide/plugins/com.st.stm32cube.ide.mcu.externaltools.gnu-tools-for-stm32.7-2018-q2-update.win32_1.0.0.201904181610/tools/bin/../lib/gcc/arm-none-eabi/7.3.1/thumb/v7e-m/fpv4-sp/hard\libgcc.a(_aeabi_uldivmod.o)
 .debug_frame   0x0000000000003540       0x34 d:/st/stm32cubeide_1.1.0/stm32cubeide/plugins/com.st.stm32cube.ide.mcu.externaltools.gnu-tools-for-stm32.7-2018-q2-update.win32_1.0.0.201904181610/tools/bin/../lib/gcc/arm-none-eabi/7.3.1/thumb/v7e-m/fpv4-sp/hard\libgcc.a(_udivmoddi4.o)
