DNL_zmanual_UART.h:44:6:HAL_UART_TxCpltCallback	16	static
DNL_zmanual_UART.h:52:6:peripheralUART_Init	8	static
DNL_zmanual_UART.h:58:6:PS2DeInit	8	static
DNL_zmanual_UART.h:63:6:PS2Init	8	static
DNL_zmanual_UART.h:68:6:PS2Trans	8	static
DNL_zmanual_UART.h:73:6:PS2Recei	8	static
DNL_zmanual_UART.h:80:6:wait4PS2Tx	4	static
DNL_zmanual_UART.h:89:6:wait4PS2Rx	4	static
DNL_zmanual_UART.h:99:6:PS2DMA_ProcessingData	4	static
DNL_zmanual_UART.h:122:6:compassDeInit	8	static
DNL_zmanual_UART.h:127:6:compassInit	8	static
DNL_zmanual_UART.h:132:6:compassReset	8	static
DNL_zmanual_UART.h:139:6:compassRequest	8	static
DNL_zmanual_UART.h:147:6:compassGetData	8	static
DNL_zmanual_UART.h:155:6:compassDecode	4	static
DNL_zmanual_UART.h:159:6:wait4CompassTx	4	static
DNL_zmanual_UART.h:168:6:wait4CompassRx	4	static
DNL_zmanual_Motor.h:75:6:peripheralPWM_Init	8	static
DNL_zmanual_Motor.h:83:6:controlMotor1	16	static
DNL_zmanual_Motor.h:95:6:controlMotor2	16	static
DNL_zmanual_Motor.h:107:6:controlMotor3	16	static
DNL_zmanual_Motor.h:119:6:controlMotor4	16	static
DNL_zmanual_Motor.h:132:6:testPWM	24	static
DNL_zmanual_PID.h:16:8:PIDyaw	32	static
main.c:90:5:main	24	static
main.c:196:6:SystemClock_Config	88	static
main.c:239:13:MX_TIM1_Init	96	static
main.c:318:13:MX_TIM8_Init	96	static
main.c:397:13:MX_UART4_Init	8	static
main.c:430:13:MX_USART1_UART_Init	8	static
main.c:461:13:MX_DMA_Init	16	static
main.c:483:13:MX_GPIO_Init	48	static
main.c:514:6:Error_Handler	4	static
