DNL_zmanual_Hand.h:36:6:handControl_Init	8	static
DNL_zmanual_Hand.h:54:6:handControl	16	static
DNL_zmanual_Hand.h:60:6:HAL_TIM_PeriodElapsedCallback	16	static
DNL_zmanual_UART.h:52:6:HAL_UART_TxCpltCallback	16	static
DNL_zmanual_UART.h:60:6:peripheralUART_Init	8	static
DNL_zmanual_UART.h:66:6:PS2DeInit	8	static
DNL_zmanual_UART.h:71:6:PS2Init	8	static
DNL_zmanual_UART.h:76:6:PS2Trans	8	static
DNL_zmanual_UART.h:81:6:PS2Recei	8	static
DNL_zmanual_UART.h:88:6:wait4PS2Tx	4	static
DNL_zmanual_UART.h:97:6:wait4PS2Rx	4	static
DNL_zmanual_UART.h:107:6:PS2DMA_ProcessingData	8	static
DNL_zmanual_UART.h:188:6:compassDeInit	8	static
DNL_zmanual_UART.h:193:6:compassInit	8	static
DNL_zmanual_UART.h:198:6:compassReset	8	static
DNL_zmanual_UART.h:205:6:compassRequest	8	static
DNL_zmanual_UART.h:213:6:compassGetData	8	static
DNL_zmanual_UART.h:221:6:compassDecode	4	static
DNL_zmanual_UART.h:225:6:wait4CompassTx	4	static
DNL_zmanual_UART.h:234:6:wait4CompassRx	4	static
DNL_zmanual_Motor.h:77:6:peripheralPWM_Init	8	static
DNL_zmanual_Motor.h:85:6:controlMotor1	24	static
DNL_zmanual_Motor.h:108:6:controlMotor2	24	static
DNL_zmanual_Motor.h:131:6:controlMotor3	24	static
DNL_zmanual_Motor.h:154:6:controlMotor4	24	static
DNL_zmanual_Motor.h:178:6:testPWM	24	static
DNL_zmanual_PID.h:16:8:PIDyaw	32	static
main.c:101:5:main	32	static
main.c:190:6:SystemClock_Config	88	static
main.c:233:13:MX_TIM1_Init	96	static
main.c:312:13:MX_TIM5_Init	32	static
main.c:357:13:MX_TIM8_Init	96	static
main.c:436:13:MX_UART4_Init	8	static
main.c:469:13:MX_USART1_UART_Init	8	static
main.c:502:13:MX_USART2_UART_Init	8	static
main.c:533:13:MX_DMA_Init	16	static
main.c:558:13:MX_GPIO_Init	48	static
main.c:634:6:Error_Handler	4	static
