DNL_zmanual_UART.h:44:6:HAL_UART_TxCpltCallback	16	static
DNL_zmanual_UART.h:52:6:peripheralUART_Init	8	static
DNL_zmanual_UART.h:58:6:PS2DeInit	8	static
DNL_zmanual_UART.h:63:6:PS2Init	8	static
DNL_zmanual_UART.h:68:6:PS2Trans	8	static
DNL_zmanual_UART.h:73:6:PS2Recei	8	static
DNL_zmanual_UART.h:80:6:wait4PS2Tx	4	static
DNL_zmanual_UART.h:89:6:wait4PS2Rx	4	static
DNL_zmanual_UART.h:99:6:PS2DMA_ProcessingData	4	static
DNL_zmanual_UART.h:122:6:compassDeInit	8	static
DNL_zmanual_UART.h:127:6:compassInit	8	static
DNL_zmanual_UART.h:132:6:compassReset	8	static
DNL_zmanual_UART.h:139:6:compassRequest	8	static
DNL_zmanual_UART.h:147:6:compassGetData	8	static
DNL_zmanual_UART.h:155:6:compassDecode	4	static
DNL_zmanual_UART.h:159:6:wait4CompassTx	4	static
DNL_zmanual_UART.h:168:6:wait4CompassRx	4	static
DNL_zmanual_Motor.h:77:6:peripheralPWM_Init	8	static
DNL_zmanual_Motor.h:85:6:controlMotor1	24	static
DNL_zmanual_Motor.h:108:6:controlMotor2	24	static
DNL_zmanual_Motor.h:131:6:controlMotor3	24	static
DNL_zmanual_Motor.h:154:6:controlMotor4	24	static
DNL_zmanual_Motor.h:178:6:testPWM	24	static
DNL_zmanual_Hand.h:27:6:handControl_Init	8	static
DNL_zmanual_Hand.h:33:6:handControl	16	static
DNL_zmanual_Hand.h:39:6:HAL_TIM_PeriodElapsedCallback	16	static
DNL_zmanual_PID.h:16:8:PIDyaw	32	static
main.c:98:5:main	8	static
main.c:180:6:SystemClock_Config	88	static
main.c:223:13:MX_TIM1_Init	96	static
main.c:302:13:MX_TIM5_Init	32	static
main.c:347:13:MX_TIM8_Init	96	static
main.c:426:13:MX_UART4_Init	8	static
main.c:459:13:MX_USART1_UART_Init	8	static
main.c:490:13:MX_DMA_Init	16	static
main.c:512:13:MX_GPIO_Init	48	static
main.c:553:6:Error_Handler	4	static
