DNL_zmanual_Peripheral_UART.h:18:6:peripheralUART_Init	8	static
DNL_zmanual_Peripheral_UART.h:23:6:PS2DeInit	8	static
DNL_zmanual_Peripheral_UART.h:28:6:PS2Init	8	static
DNL_zmanual_Peripheral_UART.h:33:6:PS2Trans	8	static
DNL_zmanual_Peripheral_UART.h:38:6:PS2Recei	8	static
DNL_zmanual_Peripheral_UART.h:45:6:wait4PS2Tx	4	static
DNL_zmanual_Peripheral_UART.h:54:6:wait4PS2Rx	4	static
DNL_zmanual_Peripheral_MotorControl.h:18:8:PIDyaw	32	static
DNL_zmanual_Peripheral_MotorControl.h:75:6:peripheralPWM_Init	8	static
DNL_zmanual_Peripheral_MotorControl.h:83:6:controlMotor1	16	static
DNL_zmanual_Peripheral_MotorControl.h:95:6:controlMotor2	16	static
DNL_zmanual_Peripheral_MotorControl.h:107:6:controlMotor3	16	static
DNL_zmanual_Peripheral_MotorControl.h:119:6:controlMotor4	16	static
main.c:88:5:main	24	static
main.c:156:6:SystemClock_Config	88	static
main.c:200:13:MX_TIM2_Init	64	static
main.c:259:13:MX_TIM3_Init	64	static
main.c:318:13:MX_TIM4_Init	64	static
main.c:377:13:MX_TIM5_Init	64	static
main.c:436:13:MX_USART1_UART_Init	8	static
main.c:467:13:MX_DMA_Init	16	static
main.c:485:13:MX_GPIO_Init	40	static
main.c:534:6:Error_Handler	4	static
