DNL_zmanual_Hand.h:36:6:handControl_Init	8	static
DNL_zmanual_Hand.h:52:6:handControl	16	static
DNL_zmanual_Hand.h:58:6:HAL_TIM_PeriodElapsedCallback	16	static
DNL_zmanual_UART.h:47:6:HAL_UART_TxCpltCallback	16	static
DNL_zmanual_UART.h:55:6:peripheralUART_Init	8	static
DNL_zmanual_UART.h:61:6:PS2DeInit	8	static
DNL_zmanual_UART.h:66:6:PS2Init	8	static
DNL_zmanual_UART.h:71:6:PS2Trans	8	static
DNL_zmanual_UART.h:76:6:PS2Recei	8	static
DNL_zmanual_UART.h:83:6:wait4PS2Tx	4	static
DNL_zmanual_UART.h:92:6:wait4PS2Rx	4	static
DNL_zmanual_UART.h:102:6:PS2DMA_ProcessingData	4	static
DNL_zmanual_UART.h:151:6:compassDeInit	8	static
DNL_zmanual_UART.h:156:6:compassInit	8	static
DNL_zmanual_UART.h:161:6:compassReset	8	static
DNL_zmanual_UART.h:168:6:compassRequest	8	static
DNL_zmanual_UART.h:176:6:compassGetData	8	static
DNL_zmanual_UART.h:184:6:compassDecode	4	static
DNL_zmanual_UART.h:188:6:wait4CompassTx	4	static
DNL_zmanual_UART.h:197:6:wait4CompassRx	4	static
DNL_zmanual_Motor.h:77:6:peripheralPWM_Init	8	static
DNL_zmanual_Motor.h:85:6:controlMotor1	24	static
DNL_zmanual_Motor.h:108:6:controlMotor2	24	static
DNL_zmanual_Motor.h:131:6:controlMotor3	24	static
DNL_zmanual_Motor.h:154:6:controlMotor4	24	static
DNL_zmanual_Motor.h:178:6:testPWM	24	static
DNL_zmanual_PID.h:16:8:PIDyaw	32	static
main.c:98:5:main	32	static
main.c:185:6:SystemClock_Config	88	static
main.c:228:13:MX_TIM1_Init	96	static
main.c:307:13:MX_TIM5_Init	32	static
main.c:352:13:MX_TIM8_Init	96	static
main.c:431:13:MX_UART4_Init	8	static
main.c:464:13:MX_USART1_UART_Init	8	static
main.c:495:13:MX_DMA_Init	16	static
main.c:517:13:MX_GPIO_Init	48	static
main.c:593:6:Error_Handler	4	static
