stm32f4xx_it.c:99:6:NMI_Handler	4	static
stm32f4xx_it.c:112:6:HardFault_Handler	4	static
stm32f4xx_it.c:127:6:MemManage_Handler	4	static
stm32f4xx_it.c:142:6:BusFault_Handler	4	static
stm32f4xx_it.c:157:6:UsageFault_Handler	4	static
stm32f4xx_it.c:172:6:SVC_Handler	4	static
stm32f4xx_it.c:185:6:DebugMon_Handler	4	static
stm32f4xx_it.c:198:6:PendSV_Handler	4	static
stm32f4xx_it.c:211:6:SysTick_Handler	8	static
stm32f4xx_it.c:240:6:DMA1_Stream2_IRQHandler	8	static
stm32f4xx_it.c:255:6:DMA1_Stream6_IRQHandler	8	static
stm32f4xx_it.c:269:6:USART2_IRQHandler	8	static
stm32f4xx_it.c:283:6:TIM5_IRQHandler	8	static
stm32f4xx_it.c:297:6:UART4_IRQHandler	8	static
stm32f4xx_it.c:311:6:DMA2_Stream2_IRQHandler	8	static
