stm32f4xx_it.c:93:6:NMI_Handler	4	static
stm32f4xx_it.c:106:6:HardFault_Handler	4	static
stm32f4xx_it.c:121:6:MemManage_Handler	4	static
stm32f4xx_it.c:136:6:BusFault_Handler	4	static
stm32f4xx_it.c:151:6:UsageFault_Handler	4	static
stm32f4xx_it.c:166:6:SVC_Handler	4	static
stm32f4xx_it.c:179:6:DebugMon_Handler	4	static
stm32f4xx_it.c:192:6:PendSV_Handler	4	static
stm32f4xx_it.c:205:6:SysTick_Handler	8	static
stm32f4xx_it.c:234:6:DMA1_Stream2_IRQHandler	8	static
stm32f4xx_it.c:249:6:TIM5_IRQHandler	8	static
stm32f4xx_it.c:263:6:UART4_IRQHandler	8	static
stm32f4xx_it.c:277:6:DMA2_Stream2_IRQHandler	8	static
